Archive member included to satisfy reference by file (symbol)

d:/software/cubeide/stm32cubeide_1.7.0/stm32cubeide/plugins/com.st.stm32cube.ide.mcu.externaltools.gnu-tools-for-stm32.9-2020-q2-update.win32_2.0.0.202105311346/tools/bin/../lib/gcc/arm-none-eabi/9.3.1/../../../../arm-none-eabi/lib/thumb/v7e-m+fp/hard\libc.a(lib_a-errno.o)
                              ./Core/Src/syscalls.o (__errno)
d:/software/cubeide/stm32cubeide_1.7.0/stm32cubeide/plugins/com.st.stm32cube.ide.mcu.externaltools.gnu-tools-for-stm32.9-2020-q2-update.win32_2.0.0.202105311346/tools/bin/../lib/gcc/arm-none-eabi/9.3.1/../../../../arm-none-eabi/lib/thumb/v7e-m+fp/hard\libc.a(lib_a-exit.o)
                              d:/software/cubeide/stm32cubeide_1.7.0/stm32cubeide/plugins/com.st.stm32cube.ide.mcu.externaltools.gnu-tools-for-stm32.9-2020-q2-update.win32_2.0.0.202105311346/tools/bin/../lib/gcc/arm-none-eabi/9.3.1/../../../../arm-none-eabi/lib/thumb/v7e-m+fp/hard/crt0.o (exit)
d:/software/cubeide/stm32cubeide_1.7.0/stm32cubeide/plugins/com.st.stm32cube.ide.mcu.externaltools.gnu-tools-for-stm32.9-2020-q2-update.win32_2.0.0.202105311346/tools/bin/../lib/gcc/arm-none-eabi/9.3.1/../../../../arm-none-eabi/lib/thumb/v7e-m+fp/hard\libc.a(lib_a-impure.o)
                              d:/software/cubeide/stm32cubeide_1.7.0/stm32cubeide/plugins/com.st.stm32cube.ide.mcu.externaltools.gnu-tools-for-stm32.9-2020-q2-update.win32_2.0.0.202105311346/tools/bin/../lib/gcc/arm-none-eabi/9.3.1/../../../../arm-none-eabi/lib/thumb/v7e-m+fp/hard\libc.a(lib_a-exit.o) (_global_impure_ptr)
d:/software/cubeide/stm32cubeide_1.7.0/stm32cubeide/plugins/com.st.stm32cube.ide.mcu.externaltools.gnu-tools-for-stm32.9-2020-q2-update.win32_2.0.0.202105311346/tools/bin/../lib/gcc/arm-none-eabi/9.3.1/../../../../arm-none-eabi/lib/thumb/v7e-m+fp/hard\libc.a(lib_a-init.o)
                              d:/software/cubeide/stm32cubeide_1.7.0/stm32cubeide/plugins/com.st.stm32cube.ide.mcu.externaltools.gnu-tools-for-stm32.9-2020-q2-update.win32_2.0.0.202105311346/tools/bin/../lib/gcc/arm-none-eabi/9.3.1/../../../../arm-none-eabi/lib/thumb/v7e-m+fp/hard/crt0.o (__libc_init_array)
d:/software/cubeide/stm32cubeide_1.7.0/stm32cubeide/plugins/com.st.stm32cube.ide.mcu.externaltools.gnu-tools-for-stm32.9-2020-q2-update.win32_2.0.0.202105311346/tools/bin/../lib/gcc/arm-none-eabi/9.3.1/../../../../arm-none-eabi/lib/thumb/v7e-m+fp/hard\libc.a(lib_a-memset.o)
                              d:/software/cubeide/stm32cubeide_1.7.0/stm32cubeide/plugins/com.st.stm32cube.ide.mcu.externaltools.gnu-tools-for-stm32.9-2020-q2-update.win32_2.0.0.202105311346/tools/bin/../lib/gcc/arm-none-eabi/9.3.1/../../../../arm-none-eabi/lib/thumb/v7e-m+fp/hard/crt0.o (memset)
d:/software/cubeide/stm32cubeide_1.7.0/stm32cubeide/plugins/com.st.stm32cube.ide.mcu.externaltools.gnu-tools-for-stm32.9-2020-q2-update.win32_2.0.0.202105311346/tools/bin/../lib/gcc/arm-none-eabi/9.3.1/../../../../arm-none-eabi/lib/thumb/v7e-m+fp/hard\libc.a(lib_a-printf.o)
                              ./Core/Hardware/Key/key.o (printf)
d:/software/cubeide/stm32cubeide_1.7.0/stm32cubeide/plugins/com.st.stm32cube.ide.mcu.externaltools.gnu-tools-for-stm32.9-2020-q2-update.win32_2.0.0.202105311346/tools/bin/../lib/gcc/arm-none-eabi/9.3.1/../../../../arm-none-eabi/lib/thumb/v7e-m+fp/hard\libc.a(lib_a-puts.o)
                              ./Core/Hardware/Key/key.o (puts)
d:/software/cubeide/stm32cubeide_1.7.0/stm32cubeide/plugins/com.st.stm32cube.ide.mcu.externaltools.gnu-tools-for-stm32.9-2020-q2-update.win32_2.0.0.202105311346/tools/bin/../lib/gcc/arm-none-eabi/9.3.1/../../../../arm-none-eabi/lib/thumb/v7e-m+fp/hard\libc.a(lib_a-strlen.o)
                              d:/software/cubeide/stm32cubeide_1.7.0/stm32cubeide/plugins/com.st.stm32cube.ide.mcu.externaltools.gnu-tools-for-stm32.9-2020-q2-update.win32_2.0.0.202105311346/tools/bin/../lib/gcc/arm-none-eabi/9.3.1/../../../../arm-none-eabi/lib/thumb/v7e-m+fp/hard\libc.a(lib_a-puts.o) (strlen)
d:/software/cubeide/stm32cubeide_1.7.0/stm32cubeide/plugins/com.st.stm32cube.ide.mcu.externaltools.gnu-tools-for-stm32.9-2020-q2-update.win32_2.0.0.202105311346/tools/bin/../lib/gcc/arm-none-eabi/9.3.1/../../../../arm-none-eabi/lib/thumb/v7e-m+fp/hard\libc.a(lib_a-vfprintf.o)
                              d:/software/cubeide/stm32cubeide_1.7.0/stm32cubeide/plugins/com.st.stm32cube.ide.mcu.externaltools.gnu-tools-for-stm32.9-2020-q2-update.win32_2.0.0.202105311346/tools/bin/../lib/gcc/arm-none-eabi/9.3.1/../../../../arm-none-eabi/lib/thumb/v7e-m+fp/hard\libc.a(lib_a-printf.o) (_vfprintf_r)
d:/software/cubeide/stm32cubeide_1.7.0/stm32cubeide/plugins/com.st.stm32cube.ide.mcu.externaltools.gnu-tools-for-stm32.9-2020-q2-update.win32_2.0.0.202105311346/tools/bin/../lib/gcc/arm-none-eabi/9.3.1/../../../../arm-none-eabi/lib/thumb/v7e-m+fp/hard\libc.a(lib_a-wsetup.o)
[...]
Memory Configuration

Name             Origin             Length             Attributes
CCMRAM           0x0000000010000000 0x0000000000010000 xrw
RAM              0x0000000020000000 0x0000000000020000 xrw
FLASH            0x0000000008000000 0x0000000000100000 xr
*default*        0x0000000000000000 0xffffffffffffffff

Linker script and memory map

LOAD d:/software/cubeide/stm32cubeide_1.7.0/stm32cubeide/plugins/com.st.stm32cube.ide.mcu.externaltools.gnu-tools-for-stm32.9-2020-q2-update.win32_2.0.0.202105311346/tools/bin/../lib/gcc/arm-none-eabi/9.3.1/thumb/v7e-m+fp/hard/crti.o
LOAD d:/software/cubeide/stm32cubeide_1.7.0/stm32cubeide/plugins/com.st.stm32cube.ide.mcu.externaltools.gnu-tools-for-stm32.9-2020-q2-update.win32_2.0.0.202105311346/tools/bin/../lib/gcc/arm-none-eabi/9.3.1/thumb/v7e-m+fp/hard/crtbegin.o
LOAD d:/software/cubeide/stm32cubeide_1.7.0/stm32cubeide/plugins/com.st.stm32cube.ide.mcu.externaltools.gnu-tools-for-stm32.9-2020-q2-update.win32_2.0.0.202105311346/tools/bin/../lib/gcc/arm-none-eabi/9.3.1/../../../../arm-none-eabi/lib/thumb/v7e-m+fp/hard/crt0.o
LOAD ./Core/Hardware/At24c02/at24c02.o
LOAD ./Core/Hardware/Key/key.o
LOAD ./Core/Hardware/Led/led.o
LOAD ./Core/Hardware/Myiic/myiic.o
LOAD ./Core/Hardware/Norflash/norflash.o
LOAD ./Core/Src/dma.o
LOAD ./Core/Src/gpio.o
LOAD ./Core/Src/iwdg.o
LOAD ./Core/Src/main.o
LOAD ./Core/Src/spi.o
LOAD ./Core/Src/stm32f4xx_hal_msp.o
LOAD ./Core/Src/stm32f4xx_it.o
LOAD ./Core/Src/syscalls.o
LOAD ./Core/Src/sysmem.o
LOAD ./Core/Src/system_stm32f4xx.o
LOAD ./Core/Src/tim.o
LOAD ./Core/Src/usart.o
LOAD ./Core/Startup/startup_stm32f407zgtx.o
LOAD ./Drivers/STM32F4xx_HAL_Driver/Src/stm32f4xx_hal.o
LOAD ./Drivers/STM32F4xx_HAL_Driver/Src/stm32f4xx_hal_cortex.o
LOAD ./Drivers/STM32F4xx_HAL_Driver/Src/stm32f4xx_hal_dma.o
LOAD ./Drivers/STM32F4xx_HAL_Driver/Src/stm32f4xx_hal_dma_ex.o
LOAD ./Drivers/STM32F4xx_HAL_Driver/Src/stm32f4xx_hal_exti.o
LOAD ./Drivers/STM32F4xx_HAL_Driver/Src/stm32f4xx_hal_flash.o
LOAD ./Drivers/STM32F4xx_HAL_Driver/Src/stm32f4xx_hal_flash_ex.o
LOAD ./Drivers/STM32F4xx_HAL_Driver/Src/stm32f4xx_hal_flash_ramfunc.o
LOAD ./Drivers/STM32F4xx_HAL_Driver/Src/stm32f4xx_hal_gpio.o
LOAD ./Drivers/STM32F4xx_HAL_Driver/Src/stm32f4xx_hal_iwdg.o
LOAD ./Drivers/STM32F4xx_HAL_Driver/Src/stm32f4xx_hal_pwr.o
LOAD ./Drivers/STM32F4xx_HAL_Driver/Src/stm32f4xx_hal_pwr_ex.o
LOAD ./Drivers/STM32F4xx_HAL_Driver/Src/stm32f4xx_hal_rcc.o
LOAD ./Drivers/STM32F4xx_HAL_Driver/Src/stm32f4xx_hal_rcc_ex.o
LOAD ./Drivers/STM32F4xx_HAL_Driver/Src/stm32f4xx_hal_spi.o
LOAD ./Drivers/STM32F4xx_HAL_Driver/Src/stm32f4xx_hal_tim.o
LOAD ./Drivers/STM32F4xx_HAL_Driver/Src/stm32f4xx_hal_tim_ex.o
LOAD ./Drivers/STM32F4xx_HAL_Driver/Src/stm32f4xx_hal_uart.o
START GROUP
LOAD d:/software/cubeide/stm32cubeide_1.7.0/stm32cubeide/plugins/com.st.stm32cube.ide.mcu.externaltools.gnu-tools-for-stm32.9-2020-q2-update.win32_2.0.0.202105311346/tools/bin/../lib/gcc/arm-none-eabi/9.3.1/../../../../arm-none-eabi/lib/thumb/v7e-m+fp/hard\libc.a
LOAD d:/software/cubeide/stm32cubeide_1.7.0/stm32cubeide/plugins/com.st.stm32cube.ide.mcu.externaltools.gnu-tools-for-stm32.9-2020-q2-update.win32_2.0.0.202105311346/tools/bin/../lib/gcc/arm-none-eabi/9.3.1/../../../../arm-none-eabi/lib/thumb/v7e-m+fp/hard\libm.a
END GROUP
START GROUP
LOAD d:/software/cubeide/stm32cubeide_1.7.0/stm32cubeide/plugins/com.st.stm32cube.ide.mcu.externaltools.gnu-tools-for-stm32.9-2020-q2-update.win32_2.0.0.202105311346/tools/bin/../lib/gcc/arm-none-eabi/9.3.1/thumb/v7e-m+fp/hard\libgcc.a
LOAD d:/software/cubeide/stm32cubeide_1.7.0/stm32cubeide/plugins/com.st.stm32cube.ide.mcu.externaltools.gnu-tools-for-stm32.9-2020-q2-update.win32_2.0.0.202105311346/tools/bin/../lib/gcc/arm-none-eabi/9.3.1/../../../../arm-none-eabi/lib/thumb/v7e-m+fp/hard\libc.a
END GROUP
START GROUP
LOAD d:/software/cubeide/stm32cubeide_1.7.0/stm32cubeide/plugins/com.st.stm32cube.ide.mcu.externaltools.gnu-tools-for-stm32.9-2020-q2-update.win32_2.0.0.202105311346/tools/bin/../lib/gcc/arm-none-eabi/9.3.1/thumb/v7e-m+fp/hard\libgcc.a
LOAD d:/software/cubeide/stm32cubeide_1.7.0/stm32cubeide/plugins/com.st.stm32cube.ide.mcu.externaltools.gnu-tools-for-stm32.9-2020-q2-update.win32_2.0.0.202105311346/tools/bin/../lib/gcc/arm-none-eabi/9.3.1/../../../../arm-none-eabi/lib/thumb/v7e-m+fp/hard\libc.a
LOAD d:/software/cubeide/stm32cubeide_1.7.0/stm32cubeide/plugins/com.st.stm32cube.ide.mcu.externaltools.gnu-tools-for-stm32.9-2020-q2-update.win32_2.0.0.202105311346/tools/bin/../lib/gcc/arm-none-eabi/9.3.1/../../../../arm-none-eabi/lib/thumb/v7e-m+fp/hard\libnosys.a
END GROUP
LOAD d:/software/cubeide/stm32cubeide_1.7.0/stm32cubeide/plugins/com.st.stm32cube.ide.mcu.externaltools.gnu-tools-for-stm32.9-2020-q2-update.win32_2.0.0.202105311346/tools/bin/../lib/gcc/arm-none-eabi/9.3.1/thumb/v7e-m+fp/hard/crtend.o
LOAD d:/software/cubeide/stm32cubeide_1.7.0/stm32cubeide/plugins/com.st.stm32cube.ide.mcu.externaltools.gnu-tools-for-stm32.9-2020-q2-update.win32_2.0.0.202105311346/tools/bin/../lib/gcc/arm-none-eabi/9.3.1/thumb/v7e-m+fp/hard/crtn.o
                0x0000000020020000                _estack = (ORIGIN (RAM) + LENGTH (RAM))
                0x0000000000000200                _Min_Heap_Size = 0x200
                0x0000000000000400                _Min_Stack_Size = 0x400

.isr_vector     0x0000000008000000      0x188
                0x0000000008000000                . = ALIGN (0x4)
 *(.isr_vector)
 .isr_vector    0x0000000008000000      0x188 ./Core/Startup/startup_stm32f407zgtx.o
                0x0000000008000000                g_pfnVectors
                0x0000000008000188                . = ALIGN (0x4)

.text           0x0000000008000190     0x811c
                0x0000000008000190                . = ALIGN (0x4)
 *(.text)
 .text          0x0000000008000190       0x40 d:/software/cubeide/stm32cubeide_1.7.0/stm32cubeide/plugins/com.st.stm32cube.ide.mcu.externaltools.gnu-tools-for-stm32.9-2020-q2-update.win32_2.0.0.202105311346/tools/bin/../lib/gcc/arm-none-eabi/9.3.1/thumb/v7e-m+fp/hard/crtbegin.o
 .text          0x00000000080001d0       0x10 d:/software/cubeide/stm32cubeide_1.7.0/stm32cubeide/plugins/com.st.stm32cube.ide.mcu.externaltools.gnu-tools-for-stm32.9-2020-q2-update.win32_2.0.0.202105311346/tools/bin/../lib/gcc/arm-none-eabi/9.3.1/../../../../arm-none-eabi/lib/thumb/v7e-m+fp/hard\libc.a(lib_a-strlen.o)
                0x00000000080001d0                strlen
 .text          0x00000000080001e0       0xa0 d:/software/cubeide/stm32cubeide_1.7.0/stm32cubeide/plugins/com.st.stm32cube.ide.mcu.externaltools.gnu-tools-for-stm32.9-2020-q2-update.win32_2.0.0.202105311346/tools/bin/../lib/gcc/arm-none-eabi/9.3.1/../../../../arm-none-eabi/lib/thumb/v7e-m+fp/hard\libc.a(lib_a-memchr.o)
                0x00000000080001e0                memchr
 .text          0x0000000008000280      0x378 d:/software/cubeide/stm32cubeide_1.7.0/stm32cubeide/plugins/com.st.stm32cube.ide.mcu.externaltools.gnu-tools-for-stm32.9-2020-q2-update.win32_2.0.0.202105311346/tools/bin/../lib/gcc/arm-none-eabi/9.3.1/thumb/v7e-m+fp/hard\libgcc.a(_arm_addsubdf3.o)
                0x0000000008000280                __aeabi_drsub
                0x0000000008000288                __aeabi_dsub
                0x0000000008000288                __subdf3
                0x000000000800028c                __aeabi_dadd
                0x000000000800028c                __adddf3
                0x0000000008000504                __floatunsidf
                0x0000000008000504                __aeabi_ui2d
                0x0000000008000524                __floatsidf
                0x0000000008000524                __aeabi_i2d
                0x0000000008000548                __aeabi_f2d
                0x0000000008000548                __extendsfdf2
                0x000000000800058c                __floatundidf
                0x000000000800058c                __aeabi_ul2d
                0x000000000800059c                __floatdidf
                0x000000000800059c                __aeabi_l2d
 .text          0x00000000080005f8      0x424 d:/software/cubeide/stm32cubeide_1.7.0/stm32cubeide/plugins/com.st.stm32cube.ide.mcu.externaltools.gnu-tools-for-stm32.9-2020-q2-update.win32_2.0.0.202105311346/tools/bin/../lib/gcc/arm-none-eabi/9.3.1/thumb/v7e-m+fp/hard\libgcc.a(_arm_muldivdf3.o)
                0x00000000080005f8                __aeabi_dmul
                0x00000000080005f8                __muldf3
                0x000000000800084c                __divdf3
                0x000000000800084c                __aeabi_ddiv
 .text          0x0000000008000a1c      0x110 d:/software/cubeide/stm32cubeide_1.7.0/stm32cubeide/plugins/com.st.stm32cube.ide.mcu.externaltools.gnu-tools-for-stm32.9-2020-q2-update.win32_2.0.0.202105311346/tools/bin/../lib/gcc/arm-none-eabi/9.3.1/thumb/v7e-m+fp/hard\libgcc.a(_arm_cmpdf2.o)
                0x0000000008000a1c                __gtdf2
                0x0000000008000a1c                __gedf2
                0x0000000008000a24                __ltdf2
                0x0000000008000a24                __ledf2
                0x0000000008000a2c                __nedf2
                0x0000000008000a2c                __eqdf2
                0x0000000008000a2c                __cmpdf2
                0x0000000008000aa8                __aeabi_cdrcmple
                0x0000000008000ab8                __aeabi_cdcmpeq
                0x0000000008000ab8                __aeabi_cdcmple
                0x0000000008000ac8                __aeabi_dcmpeq
                0x0000000008000adc                __aeabi_dcmplt
                0x0000000008000af0                __aeabi_dcmple
                0x0000000008000b04                __aeabi_dcmpge
                0x0000000008000b18                __aeabi_dcmpgt
 .text          0x0000000008000b2c       0x2c d:/software/cubeide/stm32cubeide_1.7.0/stm32cubeide/plugins/com.st.stm32cube.ide.mcu.externaltools.gnu-tools-for-stm32.9-2020-q2-update.win32_2.0.0.202105311346/tools/bin/../lib/gcc/arm-none-eabi/9.3.1/thumb/v7e-m+fp/hard\libgcc.a(_arm_unorddf2.o)
                0x0000000008000b2c                __unorddf2
                0x0000000008000b2c                __aeabi_dcmpun
 .text          0x0000000008000b58       0x50 d:/software/cubeide/stm32cubeide_1.7.0/stm32cubeide/plugins/com.st.stm32cube.ide.mcu.externaltools.gnu-tools-for-stm32.9-2020-q2-update.win32_2.0.0.202105311346/tools/bin/../lib/gcc/arm-none-eabi/9.3.1/thumb/v7e-m+fp/hard\libgcc.a(_arm_fixdfsi.o)
                0x0000000008000b58                __aeabi_d2iz
                0x0000000008000b58                __fixdfsi
 .text          0x0000000008000ba8       0x30 d:/software/cubeide/stm32cubeide_1.7.0/stm32cubeide/plugins/com.st.stm32cube.ide.mcu.externaltools.gnu-tools-for-stm32.9-2020-q2-update.win32_2.0.0.202105311346/tools/bin/../lib/gcc/arm-none-eabi/9.3.1/thumb/v7e-m+fp/hard\libgcc.a(_aeabi_uldivmod.o)
                0x0000000008000ba8                __aeabi_uldivmod
 .text          0x0000000008000bd8      0x2c4 d:/software/cubeide/stm32cubeide_1.7.0/stm32cubeide/plugins/com.st.stm32cube.ide.mcu.externaltools.gnu-tools-for-stm32.9-2020-q2-update.win32_2.0.0.202105311346/tools/bin/../lib/gcc/arm-none-eabi/9.3.1/thumb/v7e-m+fp/hard\libgcc.a(_udivmoddi4.o)
                0x0000000008000bd8                __udivmoddi4
 .text          0x0000000008000e9c        0x4 d:/software/cubeide/stm32cubeide_1.7.0/stm32cubeide/plugins/com.st.stm32cube.ide.mcu.externaltools.gnu-tools-for-stm32.9-2020-q2-update.win32_2.0.0.202105311346/tools/bin/../lib/gcc/arm-none-eabi/9.3.1/thumb/v7e-m+fp/hard\libgcc.a(_dvmd_tls.o)
                0x0000000008000e9c                __aeabi_idiv0
                0x0000000008000e9c                __aeabi_ldiv0
 *(.text*)
 .text.at24c02_write_one_byte
                0x0000000008000ea0       0x36 ./Core/Hardware/At24c02/at24c02.o
                0x0000000008000ea0                at24c02_write_one_byte
 .text.at24c02_read_one_byte
                0x0000000008000ed6       0x3c ./Core/Hardware/At24c02/at24c02.o
                0x0000000008000ed6                at24c02_read_one_byte
 .text.at24c02_write
                0x0000000008000f12       0x20 ./Core/Hardware/At24c02/at24c02.o
                0x0000000008000f12                at24c02_write
 .text.at24c02_read
                0x0000000008000f32       0x1e ./Core/Hardware/At24c02/at24c02.o
                0x0000000008000f32                at24c02_read
 .text.USR_EXTI0_Callback
                0x0000000008000f50       0x50 ./Core/Hardware/Key/key.o
                0x0000000008000f50                USR_EXTI0_Callback
 .text.USR_EXTI4_Callback
                0x0000000008000fa0       0x54 ./Core/Hardware/Key/key.o
                0x0000000008000fa0                USR_EXTI4_Callback
 .text.led0_switch
                0x0000000008000ff4       0x28 ./Core/Hardware/Led/led.o
                0x0000000008000ff4                led0_switch
 .text.led1_switch
                0x000000000800101c       0x28 ./Core/Hardware/Led/led.o
                0x000000000800101c                led1_switch
 .text.delay_us
                0x0000000008001044        0xe ./Core/Hardware/Myiic/myiic.o
                0x0000000008001044                delay_us
 *fill*         0x0000000008001052        0x2 
 .text.SDA_IN   0x0000000008001054       0x28 ./Core/Hardware/Myiic/myiic.o
                0x0000000008001054                SDA_IN
 .text.SDA_OUT  0x000000000800107c       0x28 ./Core/Hardware/Myiic/myiic.o
                0x000000000800107c                SDA_OUT
 .text.IIC_Init
                0x00000000080010a4       0x24 ./Core/Hardware/Myiic/myiic.o
                0x00000000080010a4                IIC_Init
 .text.IIC_Start
                0x00000000080010c8       0x4c ./Core/Hardware/Myiic/myiic.o
                0x00000000080010c8                IIC_Start
 .text.IIC_Stop
                0x0000000008001114       0x4c ./Core/Hardware/Myiic/myiic.o
                0x0000000008001114                IIC_Stop
 .text.IIC_Wait_Ack
                0x0000000008001160       0x60 ./Core/Hardware/Myiic/myiic.o
                0x0000000008001160                IIC_Wait_Ack
 .text.IIC_Ack  0x00000000080011c0       0x4c ./Core/Hardware/Myiic/myiic.o
                0x00000000080011c0                IIC_Ack
 .text.IIC_NAck
                0x000000000800120c       0x4c ./Core/Hardware/Myiic/myiic.o
                0x000000000800120c                IIC_NAck
 .text.IIC_Send_Byte
                0x0000000008001258       0x68 ./Core/Hardware/Myiic/myiic.o
                0x0000000008001258                IIC_Send_Byte
 .text.IIC_Read_Byte
                0x00000000080012c0       0x60 ./Core/Hardware/Myiic/myiic.o
                0x00000000080012c0                IIC_Read_Byte
 .text.norflash_Read
                0x0000000008001320       0x58 ./Core/Hardware/Norflash/norflash.o
                0x0000000008001320                norflash_Read
 .text.norflash_Wait_Busy
                0x0000000008001378       0x34 ./Core/Hardware/Norflash/norflash.o
                0x0000000008001378                norflash_Wait_Busy
 .text.norflash_erase_sector
                0x00000000080013ac       0x6c ./Core/Hardware/Norflash/norflash.o
                0x00000000080013ac                norflash_erase_sector
 .text.norflash_Write_Page
                0x0000000008001418       0x74 ./Core/Hardware/Norflash/norflash.o
                0x0000000008001418                norflash_Write_Page
 .text.MX_DMA_Init
                0x000000000800148c       0x34 ./Core/Src/dma.o
                0x000000000800148c                MX_DMA_Init
 .text.MX_GPIO_Init
                0x00000000080014c0      0x140 ./Core/Src/gpio.o
                0x00000000080014c0                MX_GPIO_Init
 .text.MX_IWDG_Init
                0x0000000008001600       0x2c ./Core/Src/iwdg.o
                0x0000000008001600                MX_IWDG_Init
 .text.SystemClock_Config
                0x000000000800162c       0xa0 ./Core/Src/main.o
                0x000000000800162c                SystemClock_Config
 .text.startup.main
                0x00000000080016cc       0x4c ./Core/Src/main.o
                0x00000000080016cc                main
 .text.Error_Handler
                0x0000000008001718        0x4 ./Core/Src/main.o
                0x0000000008001718                Error_Handler
 .text.HAL_SPI_MspInit
                0x000000000800171c       0x70 ./Core/Src/spi.o
                0x000000000800171c                HAL_SPI_MspInit
 .text.SPI1_ReadWriteByte
                0x000000000800178c       0x2c ./Core/Src/spi.o
                0x000000000800178c                SPI1_ReadWriteByte
 .text.MX_SPI1_Init
                0x00000000080017b8       0x70 ./Core/Src/spi.o
                0x00000000080017b8                MX_SPI1_Init
 .text.HAL_MspInit
                0x0000000008001828       0x38 ./Core/Src/stm32f4xx_hal_msp.o
                0x0000000008001828                HAL_MspInit
 .text.NMI_Handler
                0x0000000008001860        0x2 ./Core/Src/stm32f4xx_it.o
                0x0000000008001860                NMI_Handler
 .text.HardFault_Handler
                0x0000000008001862        0x2 ./Core/Src/stm32f4xx_it.o
                0x0000000008001862                HardFault_Handler
 .text.MemManage_Handler
                0x0000000008001864        0x2 ./Core/Src/stm32f4xx_it.o
                0x0000000008001864                MemManage_Handler
 .text.BusFault_Handler
                0x0000000008001866        0x2 ./Core/Src/stm32f4xx_it.o
                0x0000000008001866                BusFault_Handler
 .text.UsageFault_Handler
                0x0000000008001868        0x2 ./Core/Src/stm32f4xx_it.o
                0x0000000008001868                UsageFault_Handler
 .text.SVC_Handler
                0x000000000800186a        0x2 ./Core/Src/stm32f4xx_it.o
                0x000000000800186a                SVC_Handler
 .text.DebugMon_Handler
                0x000000000800186c        0x2 ./Core/Src/stm32f4xx_it.o
                0x000000000800186c                DebugMon_Handler
 .text.PendSV_Handler
                0x000000000800186e        0x2 ./Core/Src/stm32f4xx_it.o
                0x000000000800186e                PendSV_Handler
 .text.SysTick_Handler
                0x0000000008001870        0x4 ./Core/Src/stm32f4xx_it.o
                0x0000000008001870                SysTick_Handler
 .text.EXTI0_IRQHandler
                0x0000000008001874       0x10 ./Core/Src/stm32f4xx_it.o
                0x0000000008001874                EXTI0_IRQHandler
 .text.EXTI4_IRQHandler
                0x0000000008001884       0x10 ./Core/Src/stm32f4xx_it.o
                0x0000000008001884                EXTI4_IRQHandler
 .text.USART1_IRQHandler
                0x0000000008001894       0x18 ./Core/Src/stm32f4xx_it.o
                0x0000000008001894                USART1_IRQHandler
 .text.TIM8_TRG_COM_TIM14_IRQHandler
                0x00000000080018ac        0xc ./Core/Src/stm32f4xx_it.o
                0x00000000080018ac                TIM8_TRG_COM_TIM14_IRQHandler
 .text.DMA2_Stream2_IRQHandler
                0x00000000080018b8        0xc ./Core/Src/stm32f4xx_it.o
                0x00000000080018b8                DMA2_Stream2_IRQHandler
 .text._getpid  0x00000000080018c4        0x4 ./Core/Src/syscalls.o
                0x00000000080018c4                _getpid
 .text._kill    0x00000000080018c8       0x10 ./Core/Src/syscalls.o
                0x00000000080018c8                _kill
 .text._exit    0x00000000080018d8        0xc ./Core/Src/syscalls.o
                0x00000000080018d8                _exit
 .text._read    0x00000000080018e4       0x1a ./Core/Src/syscalls.o
                0x00000000080018e4                _read
 .text._write   0x00000000080018fe       0x1a ./Core/Src/syscalls.o
                0x00000000080018fe                _write
 .text._close   0x0000000008001918        0x6 ./Core/Src/syscalls.o
                0x0000000008001918                _close
 .text._fstat   0x000000000800191e        0xa ./Core/Src/syscalls.o
                0x000000000800191e                _fstat
 .text._isatty  0x0000000008001928        0x4 ./Core/Src/syscalls.o
                0x0000000008001928                _isatty
 .text._lseek   0x000000000800192c        0x4 ./Core/Src/syscalls.o
                0x000000000800192c                _lseek
 .text._sbrk    0x0000000008001930       0x40 ./Core/Src/sysmem.o
                0x0000000008001930                _sbrk
 .text.SystemInit
                0x0000000008001970       0x14 ./Core/Src/system_stm32f4xx.o
                0x0000000008001970                SystemInit
 .text.MX_TIM14_Init
                0x0000000008001984       0x3c ./Core/Src/tim.o
                0x0000000008001984                MX_TIM14_Init
 .text.HAL_TIM_Base_MspInit
                0x00000000080019c0       0x44 ./Core/Src/tim.o
                0x00000000080019c0                HAL_TIM_Base_MspInit
 .text.HAL_TIM_PeriodElapsedCallback
                0x0000000008001a04        0x2 ./Core/Src/tim.o
                0x0000000008001a04                HAL_TIM_PeriodElapsedCallback
 *fill*         0x0000000008001a06        0x2 
 .text.MX_USART1_UART_Init
                0x0000000008001a08       0x50 ./Core/Src/usart.o
                0x0000000008001a08                MX_USART1_UART_Init
 .text.HAL_UART_MspInit
                0x0000000008001a58       0xb8 ./Core/Src/usart.o
                0x0000000008001a58                HAL_UART_MspInit
 .text.USR_USART1_DMA_Callback
                0x0000000008001b10       0x64 ./Core/Src/usart.o
                0x0000000008001b10                USR_USART1_DMA_Callback
 .text.__io_putchar
                0x0000000008001b74       0x20 ./Core/Src/usart.o
                0x0000000008001b74                __io_putchar
 .text.Reset_Handler
                0x0000000008001b94       0x50 ./Core/Startup/startup_stm32f407zgtx.o
                0x0000000008001b94                Reset_Handler
 .text.Default_Handler
                0x0000000008001be4        0x2 ./Core/Startup/startup_stm32f407zgtx.o
                0x0000000008001be4                RTC_Alarm_IRQHandler
                0x0000000008001be4                HASH_RNG_IRQHandler
                0x0000000008001be4                EXTI2_IRQHandler
                0x0000000008001be4                TIM8_CC_IRQHandler
                0x0000000008001be4                TIM1_CC_IRQHandler
                0x0000000008001be4                DMA2_Stream5_IRQHandler
                0x0000000008001be4                DMA1_Stream5_IRQHandler
                0x0000000008001be4                PVD_IRQHandler
                0x0000000008001be4                SDIO_IRQHandler
                0x0000000008001be4                TAMP_STAMP_IRQHandler
                0x0000000008001be4                CAN2_RX1_IRQHandler
                0x0000000008001be4                EXTI3_IRQHandler
                0x0000000008001be4                TIM1_UP_TIM10_IRQHandler
                0x0000000008001be4                TIM8_UP_TIM13_IRQHandler
                0x0000000008001be4                I2C3_ER_IRQHandler
                0x0000000008001be4                I2C2_EV_IRQHandler
                0x0000000008001be4                DMA1_Stream2_IRQHandler
                0x0000000008001be4                CAN1_RX0_IRQHandler
                0x0000000008001be4                FPU_IRQHandler
                0x0000000008001be4                OTG_HS_WKUP_IRQHandler
                0x0000000008001be4                CAN2_SCE_IRQHandler
                0x0000000008001be4                SPI1_IRQHandler
                0x0000000008001be4                TIM6_DAC_IRQHandler
                0x0000000008001be4                TIM1_BRK_TIM9_IRQHandler
                0x0000000008001be4                DCMI_IRQHandler
                0x0000000008001be4                CAN2_RX0_IRQHandler
                0x0000000008001be4                DMA2_Stream3_IRQHandler
                0x0000000008001be4                USART6_IRQHandler
                0x0000000008001be4                USART3_IRQHandler
                0x0000000008001be4                CAN1_RX1_IRQHandler
                0x0000000008001be4                UART5_IRQHandler
                0x0000000008001be4                DMA2_Stream0_IRQHandler
                0x0000000008001be4                TIM4_IRQHandler
                0x0000000008001be4                I2C1_EV_IRQHandler
                0x0000000008001be4                DMA1_Stream6_IRQHandler
                0x0000000008001be4                DMA1_Stream1_IRQHandler
                0x0000000008001be4                UART4_IRQHandler
                0x0000000008001be4                TIM3_IRQHandler
                0x0000000008001be4                RCC_IRQHandler
                0x0000000008001be4                TIM8_BRK_TIM12_IRQHandler
                0x0000000008001be4                Default_Handler
                0x0000000008001be4                EXTI15_10_IRQHandler
                0x0000000008001be4                ADC_IRQHandler
                0x0000000008001be4                DMA1_Stream7_IRQHandler
                0x0000000008001be4                TIM7_IRQHandler
                0x0000000008001be4                CAN2_TX_IRQHandler
                0x0000000008001be4                TIM5_IRQHandler
                0x0000000008001be4                DMA2_Stream7_IRQHandler
                0x0000000008001be4                I2C3_EV_IRQHandler
                0x0000000008001be4                EXTI9_5_IRQHandler
                0x0000000008001be4                RTC_WKUP_IRQHandler
                0x0000000008001be4                ETH_WKUP_IRQHandler
                0x0000000008001be4                SPI2_IRQHandler
                0x0000000008001be4                OTG_HS_EP1_IN_IRQHandler
                0x0000000008001be4                DMA1_Stream0_IRQHandler
                0x0000000008001be4                CAN1_TX_IRQHandler
                0x0000000008001be4                FSMC_IRQHandler
                0x0000000008001be4                ETH_IRQHandler
                0x0000000008001be4                OTG_HS_EP1_OUT_IRQHandler
                0x0000000008001be4                WWDG_IRQHandler
                0x0000000008001be4                TIM2_IRQHandler
                0x0000000008001be4                OTG_FS_WKUP_IRQHandler
                0x0000000008001be4                TIM1_TRG_COM_TIM11_IRQHandler
                0x0000000008001be4                OTG_HS_IRQHandler
                0x0000000008001be4                EXTI1_IRQHandler
                0x0000000008001be4                USART2_IRQHandler
                0x0000000008001be4                I2C2_ER_IRQHandler
                0x0000000008001be4                DMA2_Stream1_IRQHandler
                0x0000000008001be4                CAN1_SCE_IRQHandler
                0x0000000008001be4                FLASH_IRQHandler
                0x0000000008001be4                DMA2_Stream4_IRQHandler
                0x0000000008001be4                OTG_FS_IRQHandler
                0x0000000008001be4                SPI3_IRQHandler
                0x0000000008001be4                DMA1_Stream4_IRQHandler
                0x0000000008001be4                I2C1_ER_IRQHandler
                0x0000000008001be4                DMA2_Stream6_IRQHandler
                0x0000000008001be4                DMA1_Stream3_IRQHandler
 *fill*         0x0000000008001be6        0x2 
 .text.HAL_InitTick
                0x0000000008001be8       0x48 ./Drivers/STM32F4xx_HAL_Driver/Src/stm32f4xx_hal.o
                0x0000000008001be8                HAL_InitTick
 .text.HAL_Init
                0x0000000008001c30       0x34 ./Drivers/STM32F4xx_HAL_Driver/Src/stm32f4xx_hal.o
                0x0000000008001c30                HAL_Init
 .text.HAL_IncTick
                0x0000000008001c64       0x18 ./Drivers/STM32F4xx_HAL_Driver/Src/stm32f4xx_hal.o
                0x0000000008001c64                HAL_IncTick
 .text.HAL_GetTick
                0x0000000008001c7c        0xc ./Drivers/STM32F4xx_HAL_Driver/Src/stm32f4xx_hal.o
                0x0000000008001c7c                HAL_GetTick
 .text.HAL_Delay
                0x0000000008001c88       0x28 ./Drivers/STM32F4xx_HAL_Driver/Src/stm32f4xx_hal.o
                0x0000000008001c88                HAL_Delay
 .text.HAL_NVIC_SetPriorityGrouping
                0x0000000008001cb0       0x24 ./Drivers/STM32F4xx_HAL_Driver/Src/stm32f4xx_hal_cortex.o
                0x0000000008001cb0                HAL_NVIC_SetPriorityGrouping
 .text.HAL_NVIC_SetPriority
                0x0000000008001cd4       0x64 ./Drivers/STM32F4xx_HAL_Driver/Src/stm32f4xx_hal_cortex.o
                0x0000000008001cd4                HAL_NVIC_SetPriority
 .text.HAL_NVIC_EnableIRQ
                0x0000000008001d38       0x1c ./Drivers/STM32F4xx_HAL_Driver/Src/stm32f4xx_hal_cortex.o
                0x0000000008001d38                HAL_NVIC_EnableIRQ
 .text.HAL_SYSTICK_Config
                0x0000000008001d54       0x2c ./Drivers/STM32F4xx_HAL_Driver/Src/stm32f4xx_hal_cortex.o
                0x0000000008001d54                HAL_SYSTICK_Config
 .text.DMA_CalcBaseAndBitshift
                0x0000000008001d80       0x2c ./Drivers/STM32F4xx_HAL_Driver/Src/stm32f4xx_hal_dma.o
 .text.HAL_DMA_Init
                0x0000000008001dac      0x100 ./Drivers/STM32F4xx_HAL_Driver/Src/stm32f4xx_hal_dma.o
                0x0000000008001dac                HAL_DMA_Init
 .text.HAL_DMA_Start_IT
                0x0000000008001eac       0x74 ./Drivers/STM32F4xx_HAL_Driver/Src/stm32f4xx_hal_dma.o
                0x0000000008001eac                HAL_DMA_Start_IT
 .text.HAL_DMA_Abort
                0x0000000008001f20       0x88 ./Drivers/STM32F4xx_HAL_Driver/Src/stm32f4xx_hal_dma.o
                0x0000000008001f20                HAL_DMA_Abort
 .text.HAL_DMA_Abort_IT
                0x0000000008001fa8       0x24 ./Drivers/STM32F4xx_HAL_Driver/Src/stm32f4xx_hal_dma.o
                0x0000000008001fa8                HAL_DMA_Abort_IT
 .text.HAL_DMA_IRQHandler
                0x0000000008001fcc      0x17c ./Drivers/STM32F4xx_HAL_Driver/Src/stm32f4xx_hal_dma.o
                0x0000000008001fcc                HAL_DMA_IRQHandler
 .text.HAL_GPIO_Init
                0x0000000008002148      0x1b4 ./Drivers/STM32F4xx_HAL_Driver/Src/stm32f4xx_hal_gpio.o
                0x0000000008002148                HAL_GPIO_Init
 .text.HAL_GPIO_ReadPin
                0x00000000080022fc        0xc ./Drivers/STM32F4xx_HAL_Driver/Src/stm32f4xx_hal_gpio.o
                0x00000000080022fc                HAL_GPIO_ReadPin
 .text.HAL_GPIO_WritePin
                0x0000000008002308        0xa ./Drivers/STM32F4xx_HAL_Driver/Src/stm32f4xx_hal_gpio.o
                0x0000000008002308                HAL_GPIO_WritePin
 .text.HAL_GPIO_EXTI_Callback
                0x0000000008002312        0x2 ./Drivers/STM32F4xx_HAL_Driver/Src/stm32f4xx_hal_gpio.o
                0x0000000008002312                HAL_GPIO_EXTI_Callback
 .text.HAL_GPIO_EXTI_IRQHandler
                0x0000000008002314       0x18 ./Drivers/STM32F4xx_HAL_Driver/Src/stm32f4xx_hal_gpio.o
                0x0000000008002314                HAL_GPIO_EXTI_IRQHandler
 .text.HAL_IWDG_Init
                0x000000000800232c       0x50 ./Drivers/STM32F4xx_HAL_Driver/Src/stm32f4xx_hal_iwdg.o
                0x000000000800232c                HAL_IWDG_Init
 .text.HAL_IWDG_Refresh
                0x000000000800237c        0xc ./Drivers/STM32F4xx_HAL_Driver/Src/stm32f4xx_hal_iwdg.o
                0x000000000800237c                HAL_IWDG_Refresh
 .text.HAL_RCC_OscConfig
                0x0000000008002388      0x358 ./Drivers/STM32F4xx_HAL_Driver/Src/stm32f4xx_hal_rcc.o
                0x0000000008002388                HAL_RCC_OscConfig
 .text.HAL_RCC_GetSysClockFreq
                0x00000000080026e0       0x5c ./Drivers/STM32F4xx_HAL_Driver/Src/stm32f4xx_hal_rcc.o
                0x00000000080026e0                HAL_RCC_GetSysClockFreq
 .text.HAL_RCC_ClockConfig
                0x000000000800273c      0x138 ./Drivers/STM32F4xx_HAL_Driver/Src/stm32f4xx_hal_rcc.o
                0x000000000800273c                HAL_RCC_ClockConfig
 .text.HAL_RCC_GetPCLK1Freq
                0x0000000008002874       0x20 ./Drivers/STM32F4xx_HAL_Driver/Src/stm32f4xx_hal_rcc.o
                0x0000000008002874                HAL_RCC_GetPCLK1Freq
 .text.HAL_RCC_GetPCLK2Freq
                0x0000000008002894       0x20 ./Drivers/STM32F4xx_HAL_Driver/Src/stm32f4xx_hal_rcc.o
                0x0000000008002894                HAL_RCC_GetPCLK2Freq
 .text.SPI_WaitFlagStateUntilTimeout.constprop.0
                0x00000000080028b4       0xa8 ./Drivers/STM32F4xx_HAL_Driver/Src/stm32f4xx_hal_spi.o
 .text.SPI_EndRxTxTransaction
                0x000000000800295c       0x58 ./Drivers/STM32F4xx_HAL_Driver/Src/stm32f4xx_hal_spi.o
 .text.HAL_SPI_Init
                0x00000000080029b4       0xb8 ./Drivers/STM32F4xx_HAL_Driver/Src/stm32f4xx_hal_spi.o
                0x00000000080029b4                HAL_SPI_Init
 .text.HAL_SPI_TransmitReceive
                0x0000000008002a6c      0x1de ./Drivers/STM32F4xx_HAL_Driver/Src/stm32f4xx_hal_spi.o
                0x0000000008002a6c                HAL_SPI_TransmitReceive
 *fill*         0x0000000008002c4a        0x2 
 .text.HAL_TIM_Base_Start_IT
                0x0000000008002c4c       0x74 ./Drivers/STM32F4xx_HAL_Driver/Src/stm32f4xx_hal_tim.o
                0x0000000008002c4c                HAL_TIM_Base_Start_IT
 .text.HAL_TIM_OC_DelayElapsedCallback
                0x0000000008002cc0        0x2 ./Drivers/STM32F4xx_HAL_Driver/Src/stm32f4xx_hal_tim.o
                0x0000000008002cc0                HAL_TIM_OC_DelayElapsedCallback
 .text.HAL_TIM_IC_CaptureCallback
                0x0000000008002cc2        0x2 ./Drivers/STM32F4xx_HAL_Driver/Src/stm32f4xx_hal_tim.o
                0x0000000008002cc2                HAL_TIM_IC_CaptureCallback
 .text.HAL_TIM_PWM_PulseFinishedCallback
                0x0000000008002cc4        0x2 ./Drivers/STM32F4xx_HAL_Driver/Src/stm32f4xx_hal_tim.o
                0x0000000008002cc4                HAL_TIM_PWM_PulseFinishedCallback
 .text.HAL_TIM_TriggerCallback
                0x0000000008002cc6        0x2 ./Drivers/STM32F4xx_HAL_Driver/Src/stm32f4xx_hal_tim.o
                0x0000000008002cc6                HAL_TIM_TriggerCallback
 .text.HAL_TIM_IRQHandler
                0x0000000008002cc8      0x144 ./Drivers/STM32F4xx_HAL_Driver/Src/stm32f4xx_hal_tim.o
                0x0000000008002cc8                HAL_TIM_IRQHandler
 .text.TIM_Base_SetConfig
                0x0000000008002e0c       0xcc ./Drivers/STM32F4xx_HAL_Driver/Src/stm32f4xx_hal_tim.o
                0x0000000008002e0c                TIM_Base_SetConfig
 .text.HAL_TIM_Base_Init
                0x0000000008002ed8       0x58 ./Drivers/STM32F4xx_HAL_Driver/Src/stm32f4xx_hal_tim.o
                0x0000000008002ed8                HAL_TIM_Base_Init
 .text.HAL_TIMEx_CommutCallback
                0x0000000008002f30        0x2 ./Drivers/STM32F4xx_HAL_Driver/Src/stm32f4xx_hal_tim_ex.o
                0x0000000008002f30                HAL_TIMEx_CommutCallback
 .text.HAL_TIMEx_BreakCallback
                0x0000000008002f32        0x2 ./Drivers/STM32F4xx_HAL_Driver/Src/stm32f4xx_hal_tim_ex.o
                0x0000000008002f32                HAL_TIMEx_BreakCallback
 .text.UART_EndRxTransfer
                0x0000000008002f34       0x5c ./Drivers/STM32F4xx_HAL_Driver/Src/stm32f4xx_hal_uart.o
 .text.UART_SetConfig
                0x0000000008002f90       0xbc ./Drivers/STM32F4xx_HAL_Driver/Src/stm32f4xx_hal_uart.o
 .text.UART_WaitOnFlagUntilTimeout.constprop.0
                0x000000000800304c       0x6c ./Drivers/STM32F4xx_HAL_Driver/Src/stm32f4xx_hal_uart.o
 .text.HAL_UART_Init
                0x00000000080030b8       0x5c ./Drivers/STM32F4xx_HAL_Driver/Src/stm32f4xx_hal_uart.o
                0x00000000080030b8                HAL_UART_Init
 .text.HAL_UART_Transmit
                0x0000000008003114       0xaa ./Drivers/STM32F4xx_HAL_Driver/Src/stm32f4xx_hal_uart.o
                0x0000000008003114                HAL_UART_Transmit
 .text.HAL_UART_DMAStop
                0x00000000080031be       0x8c ./Drivers/STM32F4xx_HAL_Driver/Src/stm32f4xx_hal_uart.o
                0x00000000080031be                HAL_UART_DMAStop
 .text.HAL_UART_TxCpltCallback
                0x000000000800324a        0x2 ./Drivers/STM32F4xx_HAL_Driver/Src/stm32f4xx_hal_uart.o
                0x000000000800324a                HAL_UART_TxCpltCallback
 .text.HAL_UART_RxCpltCallback
                0x000000000800324c        0x2 ./Drivers/STM32F4xx_HAL_Driver/Src/stm32f4xx_hal_uart.o
                0x000000000800324c                HAL_UART_RxCpltCallback
 .text.HAL_UART_RxHalfCpltCallback
                0x000000000800324e        0x2 ./Drivers/STM32F4xx_HAL_Driver/Src/stm32f4xx_hal_uart.o
                0x000000000800324e                HAL_UART_RxHalfCpltCallback
 .text.HAL_UART_ErrorCallback
                0x0000000008003250        0x2 ./Drivers/STM32F4xx_HAL_Driver/Src/stm32f4xx_hal_uart.o
                0x0000000008003250                HAL_UART_ErrorCallback
 .text.UART_DMAError
                0x0000000008003252       0x5a ./Drivers/STM32F4xx_HAL_Driver/Src/stm32f4xx_hal_uart.o
 .text.UART_DMAAbortOnError
                0x00000000080032ac       0x10 ./Drivers/STM32F4xx_HAL_Driver/Src/stm32f4xx_hal_uart.o
 .text.HAL_UARTEx_RxEventCallback
                0x00000000080032bc        0x2 ./Drivers/STM32F4xx_HAL_Driver/Src/stm32f4xx_hal_uart.o
                0x00000000080032bc                HAL_UARTEx_RxEventCallback
 .text.UART_Receive_IT
                0x00000000080032be       0xb8 ./Drivers/STM32F4xx_HAL_Driver/Src/stm32f4xx_hal_uart.o
 *fill*         0x0000000008003376        0x2 
 .text.HAL_UART_IRQHandler
                0x0000000008003378      0x290 ./Drivers/STM32F4xx_HAL_Driver/Src/stm32f4xx_hal_uart.o
                0x0000000008003378                HAL_UART_IRQHandler
 .text.UART_DMARxHalfCplt
                0x0000000008003608       0x1a ./Drivers/STM32F4xx_HAL_Driver/Src/stm32f4xx_hal_uart.o
 .text.UART_DMAReceiveCplt
                0x0000000008003622       0x94 ./Drivers/STM32F4xx_HAL_Driver/Src/stm32f4xx_hal_uart.o
 *fill*         0x00000000080036b6        0x2 
 .text.UART_Start_Receive_DMA
                0x00000000080036b8       0x98 ./Drivers/STM32F4xx_HAL_Driver/Src/stm32f4xx_hal_uart.o
                0x00000000080036b8                UART_Start_Receive_DMA
 .text.HAL_UART_Receive_DMA
                0x0000000008003750       0x30 ./Drivers/STM32F4xx_HAL_Driver/Src/stm32f4xx_hal_uart.o
                0x0000000008003750                HAL_UART_Receive_DMA
 .text.__errno  0x0000000008003780        0xc d:/software/cubeide/stm32cubeide_1.7.0/stm32cubeide/plugins/com.st.stm32cube.ide.mcu.externaltools.gnu-tools-for-stm32.9-2020-q2-update.win32_2.0.0.202105311346/tools/bin/../lib/gcc/arm-none-eabi/9.3.1/../../../../arm-none-eabi/lib/thumb/v7e-m+fp/hard\libc.a(lib_a-errno.o)
                0x0000000008003780                __errno
 .text.__libc_init_array
                0x000000000800378c       0x48 d:/software/cubeide/stm32cubeide_1.7.0/stm32cubeide/plugins/com.st.stm32cube.ide.mcu.externaltools.gnu-tools-for-stm32.9-2020-q2-update.win32_2.0.0.202105311346/tools/bin/../lib/gcc/arm-none-eabi/9.3.1/../../../../arm-none-eabi/lib/thumb/v7e-m+fp/hard\libc.a(lib_a-init.o)
                0x000000000800378c                __libc_init_array
 .text.memset   0x00000000080037d4       0x10 d:/software/cubeide/stm32cubeide_1.7.0/stm32cubeide/plugins/com.st.stm32cube.ide.mcu.externaltools.gnu-tools-for-stm32.9-2020-q2-update.win32_2.0.0.202105311346/tools/bin/../lib/gcc/arm-none-eabi/9.3.1/../../../../arm-none-eabi/lib/thumb/v7e-m+fp/hard\libc.a(lib_a-memset.o)
                0x00000000080037d4                memset
 .text.printf   0x00000000080037e4       0x24 d:/software/cubeide/stm32cubeide_1.7.0/stm32cubeide/plugins/com.st.stm32cube.ide.mcu.externaltools.gnu-tools-for-stm32.9-2020-q2-update.win32_2.0.0.202105311346/tools/bin/../lib/gcc/arm-none-eabi/9.3.1/../../../../arm-none-eabi/lib/thumb/v7e-m+fp/hard\libc.a(lib_a-printf.o)
                0x00000000080037e4                printf
 .text._puts_r  0x0000000008003808       0x8c d:/software/cubeide/stm32cubeide_1.7.0/stm32cubeide/plugins/com.st.stm32cube.ide.mcu.externaltools.gnu-tools-for-stm32.9-2020-q2-update.win32_2.0.0.202105311346/tools/bin/../lib/gcc/arm-none-eabi/9.3.1/../../../../arm-none-eabi/lib/thumb/v7e-m+fp/hard\libc.a(lib_a-puts.o)
                0x0000000008003808                _puts_r
 .text.puts     0x0000000008003894       0x10 d:/software/cubeide/stm32cubeide_1.7.0/stm32cubeide/plugins/com.st.stm32cube.ide.mcu.externaltools.gnu-tools-for-stm32.9-2020-q2-update.win32_2.0.0.202105311346/tools/bin/../lib/gcc/arm-none-eabi/9.3.1/../../../../arm-none-eabi/lib/thumb/v7e-m+fp/hard\libc.a(lib_a-puts.o)
                0x0000000008003894                puts
 *fill*         0x00000000080038a4        0x4 
 .text._vfprintf_r
                0x00000000080038a8     0x146c d:/software/cubeide/stm32cubeide_1.7.0/stm32cubeide/plugins/com.st.stm32cube.ide.mcu.externaltools.gnu-tools-for-stm32.9-2020-q2-update.win32_2.0.0.202105311346/tools/bin/../lib/gcc/arm-none-eabi/9.3.1/../../../../arm-none-eabi/lib/thumb/v7e-m+fp/hard\libc.a(lib_a-vfprintf.o)
                0x00000000080038a8                _vfprintf_r
 .text.__sbprintf
                0x0000000008004d14       0x80 d:/software/cubeide/stm32cubeide_1.7.0/stm32cubeide/plugins/com.st.stm32cube.ide.mcu.externaltools.gnu-tools-for-stm32.9-2020-q2-update.win32_2.0.0.202105311346/tools/bin/../lib/gcc/arm-none-eabi/9.3.1/../../../../arm-none-eabi/lib/thumb/v7e-m+fp/hard\libc.a(lib_a-vfprintf.o)
 .text.__swsetup_r
                0x0000000008004d94       0xb0 d:/software/cubeide/stm32cubeide_1.7.0/stm32cubeide/plugins/com.st.stm32cube.ide.mcu.externaltools.gnu-tools-for-stm32.9-2020-q2-update.win32_2.0.0.202105311346/tools/bin/../lib/gcc/arm-none-eabi/9.3.1/../../../../arm-none-eabi/lib/thumb/v7e-m+fp/hard\libc.a(lib_a-wsetup.o)
                0x0000000008004d94                __swsetup_r
 .text.startup.register_fini
                0x0000000008004e44       0x14 d:/software/cubeide/stm32cubeide_1.7.0/stm32cubeide/plugins/com.st.stm32cube.ide.mcu.externaltools.gnu-tools-for-stm32.9-2020-q2-update.win32_2.0.0.202105311346/tools/bin/../lib/gcc/arm-none-eabi/9.3.1/../../../../arm-none-eabi/lib/thumb/v7e-m+fp/hard\libc.a(lib_a-__call_atexit.o)
 .text.atexit   0x0000000008004e58        0xc d:/software/cubeide/stm32cubeide_1.7.0/stm32cubeide/plugins/com.st.stm32cube.ide.mcu.externaltools.gnu-tools-for-stm32.9-2020-q2-update.win32_2.0.0.202105311346/tools/bin/../lib/gcc/arm-none-eabi/9.3.1/../../../../arm-none-eabi/lib/thumb/v7e-m+fp/hard\libc.a(lib_a-atexit.o)
                0x0000000008004e58                atexit
 .text.quorem   0x0000000008004e64      0x116 d:/software/cubeide/stm32cubeide_1.7.0/stm32cubeide/plugins/com.st.stm32cube.ide.mcu.externaltools.gnu-tools-for-stm32.9-2020-q2-update.win32_2.0.0.202105311346/tools/bin/../lib/gcc/arm-none-eabi/9.3.1/../../../../arm-none-eabi/lib/thumb/v7e-m+fp/hard\libc.a(lib_a-dtoa.o)
 *fill*         0x0000000008004f7a        0x6 
 .text._dtoa_r  0x0000000008004f80      0xba8 d:/software/cubeide/stm32cubeide_1.7.0/stm32cubeide/plugins/com.st.stm32cube.ide.mcu.externaltools.gnu-tools-for-stm32.9-2020-q2-update.win32_2.0.0.202105311346/tools/bin/../lib/gcc/arm-none-eabi/9.3.1/../../../../arm-none-eabi/lib/thumb/v7e-m+fp/hard\libc.a(lib_a-dtoa.o)
                0x0000000008004f80                _dtoa_r
 .text.__sflush_r
                0x0000000008005b28      0x11c d:/software/cubeide/stm32cubeide_1.7.0/stm32cubeide/plugins/com.st.stm32cube.ide.mcu.externaltools.gnu-tools-for-stm32.9-2020-q2-update.win32_2.0.0.202105311346/tools/bin/../lib/gcc/arm-none-eabi/9.3.1/../../../../arm-none-eabi/lib/thumb/v7e-m+fp/hard\libc.a(lib_a-fflush.o)
                0x0000000008005b28                __sflush_r
 .text._fflush_r
                0x0000000008005c44       0x4a d:/software/cubeide/stm32cubeide_1.7.0/stm32cubeide/plugins/com.st.stm32cube.ide.mcu.externaltools.gnu-tools-for-stm32.9-2020-q2-update.win32_2.0.0.202105311346/tools/bin/../lib/gcc/arm-none-eabi/9.3.1/../../../../arm-none-eabi/lib/thumb/v7e-m+fp/hard\libc.a(lib_a-fflush.o)
                0x0000000008005c44                _fflush_r
 *fill*         0x0000000008005c8e        0x2 
 .text.std      0x0000000008005c90       0x50 d:/software/cubeide/stm32cubeide_1.7.0/stm32cubeide/plugins/com.st.stm32cube.ide.mcu.externaltools.gnu-tools-for-stm32.9-2020-q2-update.win32_2.0.0.202105311346/tools/bin/../lib/gcc/arm-none-eabi/9.3.1/../../../../arm-none-eabi/lib/thumb/v7e-m+fp/hard\libc.a(lib_a-findfp.o)
 .text._cleanup_r
                0x0000000008005ce0        0xc d:/software/cubeide/stm32cubeide_1.7.0/stm32cubeide/plugins/com.st.stm32cube.ide.mcu.externaltools.gnu-tools-for-stm32.9-2020-q2-update.win32_2.0.0.202105311346/tools/bin/../lib/gcc/arm-none-eabi/9.3.1/../../../../arm-none-eabi/lib/thumb/v7e-m+fp/hard\libc.a(lib_a-findfp.o)
                0x0000000008005ce0                _cleanup_r
 .text.__sfp_lock_acquire
                0x0000000008005cec        0xc d:/software/cubeide/stm32cubeide_1.7.0/stm32cubeide/plugins/com.st.stm32cube.ide.mcu.externaltools.gnu-tools-for-stm32.9-2020-q2-update.win32_2.0.0.202105311346/tools/bin/../lib/gcc/arm-none-eabi/9.3.1/../../../../arm-none-eabi/lib/thumb/v7e-m+fp/hard\libc.a(lib_a-findfp.o)
                0x0000000008005cec                __sfp_lock_acquire
 .text.__sfp_lock_release
                0x0000000008005cf8        0xc d:/software/cubeide/stm32cubeide_1.7.0/stm32cubeide/plugins/com.st.stm32cube.ide.mcu.externaltools.gnu-tools-for-stm32.9-2020-q2-update.win32_2.0.0.202105311346/tools/bin/../lib/gcc/arm-none-eabi/9.3.1/../../../../arm-none-eabi/lib/thumb/v7e-m+fp/hard\libc.a(lib_a-findfp.o)
                0x0000000008005cf8                __sfp_lock_release
 .text.__sinit_lock_acquire
                0x0000000008005d04        0xc d:/software/cubeide/stm32cubeide_1.7.0/stm32cubeide/plugins/com.st.stm32cube.ide.mcu.externaltools.gnu-tools-for-stm32.9-2020-q2-update.win32_2.0.0.202105311346/tools/bin/../lib/gcc/arm-none-eabi/9.3.1/../../../../arm-none-eabi/lib/thumb/v7e-m+fp/hard\libc.a(lib_a-findfp.o)
                0x0000000008005d04                __sinit_lock_acquire
 .text.__sinit_lock_release
                0x0000000008005d10        0xc d:/software/cubeide/stm32cubeide_1.7.0/stm32cubeide/plugins/com.st.stm32cube.ide.mcu.externaltools.gnu-tools-for-stm32.9-2020-q2-update.win32_2.0.0.202105311346/tools/bin/../lib/gcc/arm-none-eabi/9.3.1/../../../../arm-none-eabi/lib/thumb/v7e-m+fp/hard\libc.a(lib_a-findfp.o)
                0x0000000008005d10                __sinit_lock_release
 .text.__sinit  0x0000000008005d1c       0x50 d:/software/cubeide/stm32cubeide_1.7.0/stm32cubeide/plugins/com.st.stm32cube.ide.mcu.externaltools.gnu-tools-for-stm32.9-2020-q2-update.win32_2.0.0.202105311346/tools/bin/../lib/gcc/arm-none-eabi/9.3.1/../../../../arm-none-eabi/lib/thumb/v7e-m+fp/hard\libc.a(lib_a-findfp.o)
                0x0000000008005d1c                __sinit
 .text.__libc_fini_array
                0x0000000008005d6c       0x28 d:/software/cubeide/stm32cubeide_1.7.0/stm32cubeide/plugins/com.st.stm32cube.ide.mcu.externaltools.gnu-tools-for-stm32.9-2020-q2-update.win32_2.0.0.202105311346/tools/bin/../lib/gcc/arm-none-eabi/9.3.1/../../../../arm-none-eabi/lib/thumb/v7e-m+fp/hard\libc.a(lib_a-fini.o)
                0x0000000008005d6c                __libc_fini_array
 .text._malloc_trim_r
                0x0000000008005d94       0xa8 d:/software/cubeide/stm32cubeide_1.7.0/stm32cubeide/plugins/com.st.stm32cube.ide.mcu.externaltools.gnu-tools-for-stm32.9-2020-q2-update.win32_2.0.0.202105311346/tools/bin/../lib/gcc/arm-none-eabi/9.3.1/../../../../arm-none-eabi/lib/thumb/v7e-m+fp/hard\libc.a(lib_a-freer.o)
                0x0000000008005d94                _malloc_trim_r
 .text._free_r  0x0000000008005e3c      0x180 d:/software/cubeide/stm32cubeide_1.7.0/stm32cubeide/plugins/com.st.stm32cube.ide.mcu.externaltools.gnu-tools-for-stm32.9-2020-q2-update.win32_2.0.0.202105311346/tools/bin/../lib/gcc/arm-none-eabi/9.3.1/../../../../arm-none-eabi/lib/thumb/v7e-m+fp/hard\libc.a(lib_a-freer.o)
                0x0000000008005e3c                _free_r
 .text.__sfvwrite_r
                0x0000000008005fbc      0x294 d:/software/cubeide/stm32cubeide_1.7.0/stm32cubeide/plugins/com.st.stm32cube.ide.mcu.externaltools.gnu-tools-for-stm32.9-2020-q2-update.win32_2.0.0.202105311346/tools/bin/../lib/gcc/arm-none-eabi/9.3.1/../../../../arm-none-eabi/lib/thumb/v7e-m+fp/hard\libc.a(lib_a-fvwrite.o)
                0x0000000008005fbc                __sfvwrite_r
 .text._fwalk_reent
                0x0000000008006250       0x3e d:/software/cubeide/stm32cubeide_1.7.0/stm32cubeide/plugins/com.st.stm32cube.ide.mcu.externaltools.gnu-tools-for-stm32.9-2020-q2-update.win32_2.0.0.202105311346/tools/bin/../lib/gcc/arm-none-eabi/9.3.1/../../../../arm-none-eabi/lib/thumb/v7e-m+fp/hard\libc.a(lib_a-fwalk.o)
                0x0000000008006250                _fwalk_reent
 *fill*         0x000000000800628e        0x2 
 .text._localeconv_r
                0x0000000008006290        0x8 d:/software/cubeide/stm32cubeide_1.7.0/stm32cubeide/plugins/com.st.stm32cube.ide.mcu.externaltools.gnu-tools-for-stm32.9-2020-q2-update.win32_2.0.0.202105311346/tools/bin/../lib/gcc/arm-none-eabi/9.3.1/../../../../arm-none-eabi/lib/thumb/v7e-m+fp/hard\libc.a(lib_a-localeconv.o)
                0x0000000008006290                _localeconv_r
 .text.__retarget_lock_init_recursive
                0x0000000008006298        0x2 d:/software/cubeide/stm32cubeide_1.7.0/stm32cubeide/plugins/com.st.stm32cube.ide.mcu.externaltools.gnu-tools-for-stm32.9-2020-q2-update.win32_2.0.0.202105311346/tools/bin/../lib/gcc/arm-none-eabi/9.3.1/../../../../arm-none-eabi/lib/thumb/v7e-m+fp/hard\libc.a(lib_a-lock.o)
                0x0000000008006298                __retarget_lock_init_recursive
 .text.__retarget_lock_close_recursive
                0x000000000800629a        0x2 d:/software/cubeide/stm32cubeide_1.7.0/stm32cubeide/plugins/com.st.stm32cube.ide.mcu.externaltools.gnu-tools-for-stm32.9-2020-q2-update.win32_2.0.0.202105311346/tools/bin/../lib/gcc/arm-none-eabi/9.3.1/../../../../arm-none-eabi/lib/thumb/v7e-m+fp/hard\libc.a(lib_a-lock.o)
                0x000000000800629a                __retarget_lock_close_recursive
 .text.__retarget_lock_acquire_recursive
                0x000000000800629c        0x2 d:/software/cubeide/stm32cubeide_1.7.0/stm32cubeide/plugins/com.st.stm32cube.ide.mcu.externaltools.gnu-tools-for-stm32.9-2020-q2-update.win32_2.0.0.202105311346/tools/bin/../lib/gcc/arm-none-eabi/9.3.1/../../../../arm-none-eabi/lib/thumb/v7e-m+fp/hard\libc.a(lib_a-lock.o)
                0x000000000800629c                __retarget_lock_acquire_recursive
 .text.__retarget_lock_release_recursive
                0x000000000800629e        0x2 d:/software/cubeide/stm32cubeide_1.7.0/stm32cubeide/plugins/com.st.stm32cube.ide.mcu.externaltools.gnu-tools-for-stm32.9-2020-q2-update.win32_2.0.0.202105311346/tools/bin/../lib/gcc/arm-none-eabi/9.3.1/../../../../arm-none-eabi/lib/thumb/v7e-m+fp/hard\libc.a(lib_a-lock.o)
                0x000000000800629e                __retarget_lock_release_recursive
 .text.__swhatbuf_r
                0x00000000080062a0       0x56 d:/software/cubeide/stm32cubeide_1.7.0/stm32cubeide/plugins/com.st.stm32cube.ide.mcu.externaltools.gnu-tools-for-stm32.9-2020-q2-update.win32_2.0.0.202105311346/tools/bin/../lib/gcc/arm-none-eabi/9.3.1/../../../../arm-none-eabi/lib/thumb/v7e-m+fp/hard\libc.a(lib_a-makebuf.o)
                0x00000000080062a0                __swhatbuf_r
 *fill*         0x00000000080062f6        0x2 
 .text.__smakebuf_r
                0x00000000080062f8       0x80 d:/software/cubeide/stm32cubeide_1.7.0/stm32cubeide/plugins/com.st.stm32cube.ide.mcu.externaltools.gnu-tools-for-stm32.9-2020-q2-update.win32_2.0.0.202105311346/tools/bin/../lib/gcc/arm-none-eabi/9.3.1/../../../../arm-none-eabi/lib/thumb/v7e-m+fp/hard\libc.a(lib_a-makebuf.o)
                0x00000000080062f8                __smakebuf_r
 .text._malloc_r
                0x0000000008006378      0x484 d:/software/cubeide/stm32cubeide_1.7.0/stm32cubeide/plugins/com.st.stm32cube.ide.mcu.externaltools.gnu-tools-for-stm32.9-2020-q2-update.win32_2.0.0.202105311346/tools/bin/../lib/gcc/arm-none-eabi/9.3.1/../../../../arm-none-eabi/lib/thumb/v7e-m+fp/hard\libc.a(lib_a-mallocr.o)
                0x0000000008006378                _malloc_r
 .text.memcpy   0x00000000080067fc       0x1c d:/software/cubeide/stm32cubeide_1.7.0/stm32cubeide/plugins/com.st.stm32cube.ide.mcu.externaltools.gnu-tools-for-stm32.9-2020-q2-update.win32_2.0.0.202105311346/tools/bin/../lib/gcc/arm-none-eabi/9.3.1/../../../../arm-none-eabi/lib/thumb/v7e-m+fp/hard\libc.a(lib_a-memcpy-stub.o)
                0x00000000080067fc                memcpy
 .text.memmove  0x0000000008006818       0x34 d:/software/cubeide/stm32cubeide_1.7.0/stm32cubeide/plugins/com.st.stm32cube.ide.mcu.externaltools.gnu-tools-for-stm32.9-2020-q2-update.win32_2.0.0.202105311346/tools/bin/../lib/gcc/arm-none-eabi/9.3.1/../../../../arm-none-eabi/lib/thumb/v7e-m+fp/hard\libc.a(lib_a-memmove.o)
                0x0000000008006818                memmove
 .text.__malloc_lock
                0x000000000800684c        0xc d:/software/cubeide/stm32cubeide_1.7.0/stm32cubeide/plugins/com.st.stm32cube.ide.mcu.externaltools.gnu-tools-for-stm32.9-2020-q2-update.win32_2.0.0.202105311346/tools/bin/../lib/gcc/arm-none-eabi/9.3.1/../../../../arm-none-eabi/lib/thumb/v7e-m+fp/hard\libc.a(lib_a-mlock.o)
                0x000000000800684c                __malloc_lock
 .text.__malloc_unlock
                0x0000000008006858        0xc d:/software/cubeide/stm32cubeide_1.7.0/stm32cubeide/plugins/com.st.stm32cube.ide.mcu.externaltools.gnu-tools-for-stm32.9-2020-q2-update.win32_2.0.0.202105311346/tools/bin/../lib/gcc/arm-none-eabi/9.3.1/../../../../arm-none-eabi/lib/thumb/v7e-m+fp/hard\libc.a(lib_a-mlock.o)
                0x0000000008006858                __malloc_unlock
 .text._Balloc  0x0000000008006864       0x4a d:/software/cubeide/stm32cubeide_1.7.0/stm32cubeide/plugins/com.st.stm32cube.ide.mcu.externaltools.gnu-tools-for-stm32.9-2020-q2-update.win32_2.0.0.202105311346/tools/bin/../lib/gcc/arm-none-eabi/9.3.1/../../../../arm-none-eabi/lib/thumb/v7e-m+fp/hard\libc.a(lib_a-mprec.o)
                0x0000000008006864                _Balloc
 .text._Bfree   0x00000000080068ae       0x12 d:/software/cubeide/stm32cubeide_1.7.0/stm32cubeide/plugins/com.st.stm32cube.ide.mcu.externaltools.gnu-tools-for-stm32.9-2020-q2-update.win32_2.0.0.202105311346/tools/bin/../lib/gcc/arm-none-eabi/9.3.1/../../../../arm-none-eabi/lib/thumb/v7e-m+fp/hard\libc.a(lib_a-mprec.o)
                0x00000000080068ae                _Bfree
 .text.__multadd
                0x00000000080068c0       0x94 d:/software/cubeide/stm32cubeide_1.7.0/stm32cubeide/plugins/com.st.stm32cube.ide.mcu.externaltools.gnu-tools-for-stm32.9-2020-q2-update.win32_2.0.0.202105311346/tools/bin/../lib/gcc/arm-none-eabi/9.3.1/../../../../arm-none-eabi/lib/thumb/v7e-m+fp/hard\libc.a(lib_a-mprec.o)
                0x00000000080068c0                __multadd
 .text.__hi0bits
                0x0000000008006954       0x40 d:/software/cubeide/stm32cubeide_1.7.0/stm32cubeide/plugins/com.st.stm32cube.ide.mcu.externaltools.gnu-tools-for-stm32.9-2020-q2-update.win32_2.0.0.202105311346/tools/bin/../lib/gcc/arm-none-eabi/9.3.1/../../../../arm-none-eabi/lib/thumb/v7e-m+fp/hard\libc.a(lib_a-mprec.o)
                0x0000000008006954                __hi0bits
 .text.__lo0bits
                0x0000000008006994       0x60 d:/software/cubeide/stm32cubeide_1.7.0/stm32cubeide/plugins/com.st.stm32cube.ide.mcu.externaltools.gnu-tools-for-stm32.9-2020-q2-update.win32_2.0.0.202105311346/tools/bin/../lib/gcc/arm-none-eabi/9.3.1/../../../../arm-none-eabi/lib/thumb/v7e-m+fp/hard\libc.a(lib_a-mprec.o)
                0x0000000008006994                __lo0bits
 .text.__i2b    0x00000000080069f4       0x2c d:/software/cubeide/stm32cubeide_1.7.0/stm32cubeide/plugins/com.st.stm32cube.ide.mcu.externaltools.gnu-tools-for-stm32.9-2020-q2-update.win32_2.0.0.202105311346/tools/bin/../lib/gcc/arm-none-eabi/9.3.1/../../../../arm-none-eabi/lib/thumb/v7e-m+fp/hard\libc.a(lib_a-mprec.o)
                0x00000000080069f4                __i2b
 .text.__multiply
                0x0000000008006a20      0x14c d:/software/cubeide/stm32cubeide_1.7.0/stm32cubeide/plugins/com.st.stm32cube.ide.mcu.externaltools.gnu-tools-for-stm32.9-2020-q2-update.win32_2.0.0.202105311346/tools/bin/../lib/gcc/arm-none-eabi/9.3.1/../../../../arm-none-eabi/lib/thumb/v7e-m+fp/hard\libc.a(lib_a-mprec.o)
                0x0000000008006a20                __multiply
 .text.__pow5mult
                0x0000000008006b6c       0x80 d:/software/cubeide/stm32cubeide_1.7.0/stm32cubeide/plugins/com.st.stm32cube.ide.mcu.externaltools.gnu-tools-for-stm32.9-2020-q2-update.win32_2.0.0.202105311346/tools/bin/../lib/gcc/arm-none-eabi/9.3.1/../../../../arm-none-eabi/lib/thumb/v7e-m+fp/hard\libc.a(lib_a-mprec.o)
                0x0000000008006b6c                __pow5mult
 .text.__lshift
                0x0000000008006bec       0xd8 d:/software/cubeide/stm32cubeide_1.7.0/stm32cubeide/plugins/com.st.stm32cube.ide.mcu.externaltools.gnu-tools-for-stm32.9-2020-q2-update.win32_2.0.0.202105311346/tools/bin/../lib/gcc/arm-none-eabi/9.3.1/../../../../arm-none-eabi/lib/thumb/v7e-m+fp/hard\libc.a(lib_a-mprec.o)
                0x0000000008006bec                __lshift
 .text.__mcmp   0x0000000008006cc4       0x38 d:/software/cubeide/stm32cubeide_1.7.0/stm32cubeide/plugins/com.st.stm32cube.ide.mcu.externaltools.gnu-tools-for-stm32.9-2020-q2-update.win32_2.0.0.202105311346/tools/bin/../lib/gcc/arm-none-eabi/9.3.1/../../../../arm-none-eabi/lib/thumb/v7e-m+fp/hard\libc.a(lib_a-mprec.o)
                0x0000000008006cc4                __mcmp
 .text.__mdiff  0x0000000008006cfc      0x110 d:/software/cubeide/stm32cubeide_1.7.0/stm32cubeide/plugins/com.st.stm32cube.ide.mcu.externaltools.gnu-tools-for-stm32.9-2020-q2-update.win32_2.0.0.202105311346/tools/bin/../lib/gcc/arm-none-eabi/9.3.1/../../../../arm-none-eabi/lib/thumb/v7e-m+fp/hard\libc.a(lib_a-mprec.o)
                0x0000000008006cfc                __mdiff
 .text.__d2b    0x0000000008006e0c       0xb8 d:/software/cubeide/stm32cubeide_1.7.0/stm32cubeide/plugins/com.st.stm32cube.ide.mcu.externaltools.gnu-tools-for-stm32.9-2020-q2-update.win32_2.0.0.202105311346/tools/bin/../lib/gcc/arm-none-eabi/9.3.1/../../../../arm-none-eabi/lib/thumb/v7e-m+fp/hard\libc.a(lib_a-mprec.o)
                0x0000000008006e0c                __d2b
 .text._realloc_r
                0x0000000008006ec4      0x34c d:/software/cubeide/stm32cubeide_1.7.0/stm32cubeide/plugins/com.st.stm32cube.ide.mcu.externaltools.gnu-tools-for-stm32.9-2020-q2-update.win32_2.0.0.202105311346/tools/bin/../lib/gcc/arm-none-eabi/9.3.1/../../../../arm-none-eabi/lib/thumb/v7e-m+fp/hard\libc.a(lib_a-reallocr.o)
                0x0000000008006ec4                _realloc_r
 .text.frexp    0x0000000008007210       0x70 d:/software/cubeide/stm32cubeide_1.7.0/stm32cubeide/plugins/com.st.stm32cube.ide.mcu.externaltools.gnu-tools-for-stm32.9-2020-q2-update.win32_2.0.0.202105311346/tools/bin/../lib/gcc/arm-none-eabi/9.3.1/../../../../arm-none-eabi/lib/thumb/v7e-m+fp/hard\libc.a(lib_a-s_frexp.o)
                0x0000000008007210                frexp
 .text._sbrk_r  0x0000000008007280       0x20 d:/software/cubeide/stm32cubeide_1.7.0/stm32cubeide/plugins/com.st.stm32cube.ide.mcu.externaltools.gnu-tools-for-stm32.9-2020-q2-update.win32_2.0.0.202105311346/tools/bin/../lib/gcc/arm-none-eabi/9.3.1/../../../../arm-none-eabi/lib/thumb/v7e-m+fp/hard\libc.a(lib_a-sbrkr.o)
                0x0000000008007280                _sbrk_r
 .text.__sread  0x00000000080072a0       0x22 d:/software/cubeide/stm32cubeide_1.7.0/stm32cubeide/plugins/com.st.stm32cube.ide.mcu.externaltools.gnu-tools-for-stm32.9-2020-q2-update.win32_2.0.0.202105311346/tools/bin/../lib/gcc/arm-none-eabi/9.3.1/../../../../arm-none-eabi/lib/thumb/v7e-m+fp/hard\libc.a(lib_a-stdio.o)
                0x00000000080072a0                __sread
 .text.__swrite
                0x00000000080072c2       0x38 d:/software/cubeide/stm32cubeide_1.7.0/stm32cubeide/plugins/com.st.stm32cube.ide.mcu.externaltools.gnu-tools-for-stm32.9-2020-q2-update.win32_2.0.0.202105311346/tools/bin/../lib/gcc/arm-none-eabi/9.3.1/../../../../arm-none-eabi/lib/thumb/v7e-m+fp/hard\libc.a(lib_a-stdio.o)
                0x00000000080072c2                __swrite
 .text.__sseek  0x00000000080072fa       0x24 d:/software/cubeide/stm32cubeide_1.7.0/stm32cubeide/plugins/com.st.stm32cube.ide.mcu.externaltools.gnu-tools-for-stm32.9-2020-q2-update.win32_2.0.0.202105311346/tools/bin/../lib/gcc/arm-none-eabi/9.3.1/../../../../arm-none-eabi/lib/thumb/v7e-m+fp/hard\libc.a(lib_a-stdio.o)
                0x00000000080072fa                __sseek
 .text.__sclose
                0x000000000800731e        0x8 d:/software/cubeide/stm32cubeide_1.7.0/stm32cubeide/plugins/com.st.stm32cube.ide.mcu.externaltools.gnu-tools-for-stm32.9-2020-q2-update.win32_2.0.0.202105311346/tools/bin/../lib/gcc/arm-none-eabi/9.3.1/../../../../arm-none-eabi/lib/thumb/v7e-m+fp/hard\libc.a(lib_a-stdio.o)
                0x000000000800731e                __sclose
 .text.strncpy  0x0000000008007326       0x26 d:/software/cubeide/stm32cubeide_1.7.0/stm32cubeide/plugins/com.st.stm32cube.ide.mcu.externaltools.gnu-tools-for-stm32.9-2020-q2-update.win32_2.0.0.202105311346/tools/bin/../lib/gcc/arm-none-eabi/9.3.1/../../../../arm-none-eabi/lib/thumb/v7e-m+fp/hard\libc.a(lib_a-strncpy.o)
                0x0000000008007326                strncpy
 .text.sysconf  0x000000000800734c       0x1a d:/software/cubeide/stm32cubeide_1.7.0/stm32cubeide/plugins/com.st.stm32cube.ide.mcu.externaltools.gnu-tools-for-stm32.9-2020-q2-update.win32_2.0.0.202105311346/tools/bin/../lib/gcc/arm-none-eabi/9.3.1/../../../../arm-none-eabi/lib/thumb/v7e-m+fp/hard\libc.a(lib_a-sysconf.o)
                0x000000000800734c                sysconf
 .text.__sprint_r
                0x0000000008007366       0x64 d:/software/cubeide/stm32cubeide_1.7.0/stm32cubeide/plugins/com.st.stm32cube.ide.mcu.externaltools.gnu-tools-for-stm32.9-2020-q2-update.win32_2.0.0.202105311346/tools/bin/../lib/gcc/arm-none-eabi/9.3.1/../../../../arm-none-eabi/lib/thumb/v7e-m+fp/hard\libc.a(lib_a-vfiprintf.o)
                0x0000000008007366                __sprint_r
 *fill*         0x00000000080073ca        0x2 
 .text._vfiprintf_r
                0x00000000080073cc      0x910 d:/software/cubeide/stm32cubeide_1.7.0/stm32cubeide/plugins/com.st.stm32cube.ide.mcu.externaltools.gnu-tools-for-stm32.9-2020-q2-update.win32_2.0.0.202105311346/tools/bin/../lib/gcc/arm-none-eabi/9.3.1/../../../../arm-none-eabi/lib/thumb/v7e-m+fp/hard\libc.a(lib_a-vfiprintf.o)
                0x00000000080073cc                _vfiprintf_r
 .text.__sbprintf
                0x0000000008007cdc       0x80 d:/software/cubeide/stm32cubeide_1.7.0/stm32cubeide/plugins/com.st.stm32cube.ide.mcu.externaltools.gnu-tools-for-stm32.9-2020-q2-update.win32_2.0.0.202105311346/tools/bin/../lib/gcc/arm-none-eabi/9.3.1/../../../../arm-none-eabi/lib/thumb/v7e-m+fp/hard\libc.a(lib_a-vfiprintf.o)
 .text._write_r
                0x0000000008007d5c       0x24 d:/software/cubeide/stm32cubeide_1.7.0/stm32cubeide/plugins/com.st.stm32cube.ide.mcu.externaltools.gnu-tools-for-stm32.9-2020-q2-update.win32_2.0.0.202105311346/tools/bin/../lib/gcc/arm-none-eabi/9.3.1/../../../../arm-none-eabi/lib/thumb/v7e-m+fp/hard\libc.a(lib_a-writer.o)
                0x0000000008007d5c                _write_r
 .text.__register_exitproc
                0x0000000008007d80       0x80 d:/software/cubeide/stm32cubeide_1.7.0/stm32cubeide/plugins/com.st.stm32cube.ide.mcu.externaltools.gnu-tools-for-stm32.9-2020-q2-update.win32_2.0.0.202105311346/tools/bin/../lib/gcc/arm-none-eabi/9.3.1/../../../../arm-none-eabi/lib/thumb/v7e-m+fp/hard\libc.a(lib_a-__atexit.o)
                0x0000000008007d80                __register_exitproc
 .text.__assert_func
                0x0000000008007e00       0x3c d:/software/cubeide/stm32cubeide_1.7.0/stm32cubeide/plugins/com.st.stm32cube.ide.mcu.externaltools.gnu-tools-for-stm32.9-2020-q2-update.win32_2.0.0.202105311346/tools/bin/../lib/gcc/arm-none-eabi/9.3.1/../../../../arm-none-eabi/lib/thumb/v7e-m+fp/hard\libc.a(lib_a-assert.o)
                0x0000000008007e00                __assert_func
 .text._calloc_r
                0x0000000008007e3c       0x5a d:/software/cubeide/stm32cubeide_1.7.0/stm32cubeide/plugins/com.st.stm32cube.ide.mcu.externaltools.gnu-tools-for-stm32.9-2020-q2-update.win32_2.0.0.202105311346/tools/bin/../lib/gcc/arm-none-eabi/9.3.1/../../../../arm-none-eabi/lib/thumb/v7e-m+fp/hard\libc.a(lib_a-callocr.o)
                0x0000000008007e3c                _calloc_r
 *fill*         0x0000000008007e96        0x2 
 .text._close_r
                0x0000000008007e98       0x20 d:/software/cubeide/stm32cubeide_1.7.0/stm32cubeide/plugins/com.st.stm32cube.ide.mcu.externaltools.gnu-tools-for-stm32.9-2020-q2-update.win32_2.0.0.202105311346/tools/bin/../lib/gcc/arm-none-eabi/9.3.1/../../../../arm-none-eabi/lib/thumb/v7e-m+fp/hard\libc.a(lib_a-closer.o)
                0x0000000008007e98                _close_r
 .text._fclose_r
                0x0000000008007eb8       0xae d:/software/cubeide/stm32cubeide_1.7.0/stm32cubeide/plugins/com.st.stm32cube.ide.mcu.externaltools.gnu-tools-for-stm32.9-2020-q2-update.win32_2.0.0.202105311346/tools/bin/../lib/gcc/arm-none-eabi/9.3.1/../../../../arm-none-eabi/lib/thumb/v7e-m+fp/hard\libc.a(lib_a-fclose.o)
                0x0000000008007eb8                _fclose_r
 *fill*         0x0000000008007f66        0x2 
 .text.fiprintf
                0x0000000008007f68       0x24 d:/software/cubeide/stm32cubeide_1.7.0/stm32cubeide/plugins/com.st.stm32cube.ide.mcu.externaltools.gnu-tools-for-stm32.9-2020-q2-update.win32_2.0.0.202105311346/tools/bin/../lib/gcc/arm-none-eabi/9.3.1/../../../../arm-none-eabi/lib/thumb/v7e-m+fp/hard\libc.a(lib_a-fiprintf.o)
                0x0000000008007f68                fiprintf
 .text.__fputwc
                0x0000000008007f8c       0x82 d:/software/cubeide/stm32cubeide_1.7.0/stm32cubeide/plugins/com.st.stm32cube.ide.mcu.externaltools.gnu-tools-for-stm32.9-2020-q2-update.win32_2.0.0.202105311346/tools/bin/../lib/gcc/arm-none-eabi/9.3.1/../../../../arm-none-eabi/lib/thumb/v7e-m+fp/hard\libc.a(lib_a-fputwc.o)
                0x0000000008007f8c                __fputwc
 .text._fputwc_r
                0x000000000800800e       0x54 d:/software/cubeide/stm32cubeide_1.7.0/stm32cubeide/plugins/com.st.stm32cube.ide.mcu.externaltools.gnu-tools-for-stm32.9-2020-q2-update.win32_2.0.0.202105311346/tools/bin/../lib/gcc/arm-none-eabi/9.3.1/../../../../arm-none-eabi/lib/thumb/v7e-m+fp/hard\libc.a(lib_a-fputwc.o)
                0x000000000800800e                _fputwc_r
 *fill*         0x0000000008008062        0x2 
 .text._fstat_r
                0x0000000008008064       0x24 d:/software/cubeide/stm32cubeide_1.7.0/stm32cubeide/plugins/com.st.stm32cube.ide.mcu.externaltools.gnu-tools-for-stm32.9-2020-q2-update.win32_2.0.0.202105311346/tools/bin/../lib/gcc/arm-none-eabi/9.3.1/../../../../arm-none-eabi/lib/thumb/v7e-m+fp/hard\libc.a(lib_a-fstatr.o)
                0x0000000008008064                _fstat_r
 .text._isatty_r
                0x0000000008008088       0x20 d:/software/cubeide/stm32cubeide_1.7.0/stm32cubeide/plugins/com.st.stm32cube.ide.mcu.externaltools.gnu-tools-for-stm32.9-2020-q2-update.win32_2.0.0.202105311346/tools/bin/../lib/gcc/arm-none-eabi/9.3.1/../../../../arm-none-eabi/lib/thumb/v7e-m+fp/hard\libc.a(lib_a-isattyr.o)
                0x0000000008008088                _isatty_r
 .text.__locale_mb_cur_max
                0x00000000080080a8        0xc d:/software/cubeide/stm32cubeide_1.7.0/stm32cubeide/plugins/com.st.stm32cube.ide.mcu.externaltools.gnu-tools-for-stm32.9-2020-q2-update.win32_2.0.0.202105311346/tools/bin/../lib/gcc/arm-none-eabi/9.3.1/../../../../arm-none-eabi/lib/thumb/v7e-m+fp/hard\libc.a(lib_a-locale.o)
                0x00000000080080a8                __locale_mb_cur_max
 .text._lseek_r
                0x00000000080080b4       0x24 d:/software/cubeide/stm32cubeide_1.7.0/stm32cubeide/plugins/com.st.stm32cube.ide.mcu.externaltools.gnu-tools-for-stm32.9-2020-q2-update.win32_2.0.0.202105311346/tools/bin/../lib/gcc/arm-none-eabi/9.3.1/../../../../arm-none-eabi/lib/thumb/v7e-m+fp/hard\libc.a(lib_a-lseekr.o)
                0x00000000080080b4                _lseek_r
 .text.__ascii_mbtowc
                0x00000000080080d8       0x24 d:/software/cubeide/stm32cubeide_1.7.0/stm32cubeide/plugins/com.st.stm32cube.ide.mcu.externaltools.gnu-tools-for-stm32.9-2020-q2-update.win32_2.0.0.202105311346/tools/bin/../lib/gcc/arm-none-eabi/9.3.1/../../../../arm-none-eabi/lib/thumb/v7e-m+fp/hard\libc.a(lib_a-mbtowc_r.o)
                0x00000000080080d8                __ascii_mbtowc
 .text._read_r  0x00000000080080fc       0x24 d:/software/cubeide/stm32cubeide_1.7.0/stm32cubeide/plugins/com.st.stm32cube.ide.mcu.externaltools.gnu-tools-for-stm32.9-2020-q2-update.win32_2.0.0.202105311346/tools/bin/../lib/gcc/arm-none-eabi/9.3.1/../../../../arm-none-eabi/lib/thumb/v7e-m+fp/hard\libc.a(lib_a-readr.o)
                0x00000000080080fc                _read_r
 .text.__swbuf_r
                0x0000000008008120       0x92 d:/software/cubeide/stm32cubeide_1.7.0/stm32cubeide/plugins/com.st.stm32cube.ide.mcu.externaltools.gnu-tools-for-stm32.9-2020-q2-update.win32_2.0.0.202105311346/tools/bin/../lib/gcc/arm-none-eabi/9.3.1/../../../../arm-none-eabi/lib/thumb/v7e-m+fp/hard\libc.a(lib_a-wbuf.o)
                0x0000000008008120                __swbuf_r
 *fill*         0x00000000080081b2        0x2 
 .text._wcrtomb_r
                0x00000000080081b4       0x2c d:/software/cubeide/stm32cubeide_1.7.0/stm32cubeide/plugins/com.st.stm32cube.ide.mcu.externaltools.gnu-tools-for-stm32.9-2020-q2-update.win32_2.0.0.202105311346/tools/bin/../lib/gcc/arm-none-eabi/9.3.1/../../../../arm-none-eabi/lib/thumb/v7e-m+fp/hard\libc.a(lib_a-wcrtomb.o)
                0x00000000080081b4                _wcrtomb_r
 .text.__ascii_wctomb
                0x00000000080081e0       0x1a d:/software/cubeide/stm32cubeide_1.7.0/stm32cubeide/plugins/com.st.stm32cube.ide.mcu.externaltools.gnu-tools-for-stm32.9-2020-q2-update.win32_2.0.0.202105311346/tools/bin/../lib/gcc/arm-none-eabi/9.3.1/../../../../arm-none-eabi/lib/thumb/v7e-m+fp/hard\libc.a(lib_a-wctomb_r.o)
                0x00000000080081e0                __ascii_wctomb
 .text.abort    0x00000000080081fa        0xe d:/software/cubeide/stm32cubeide_1.7.0/stm32cubeide/plugins/com.st.stm32cube.ide.mcu.externaltools.gnu-tools-for-stm32.9-2020-q2-update.win32_2.0.0.202105311346/tools/bin/../lib/gcc/arm-none-eabi/9.3.1/../../../../arm-none-eabi/lib/thumb/v7e-m+fp/hard\libc.a(lib_a-abort.o)
                0x00000000080081fa                abort
 .text._raise_r
                0x0000000008008208       0x52 d:/software/cubeide/stm32cubeide_1.7.0/stm32cubeide/plugins/com.st.stm32cube.ide.mcu.externaltools.gnu-tools-for-stm32.9-2020-q2-update.win32_2.0.0.202105311346/tools/bin/../lib/gcc/arm-none-eabi/9.3.1/../../../../arm-none-eabi/lib/thumb/v7e-m+fp/hard\libc.a(lib_a-signal.o)
                0x0000000008008208                _raise_r
 *fill*         0x000000000800825a        0x2 
 .text.raise    0x000000000800825c       0x10 d:/software/cubeide/stm32cubeide_1.7.0/stm32cubeide/plugins/com.st.stm32cube.ide.mcu.externaltools.gnu-tools-for-stm32.9-2020-q2-update.win32_2.0.0.202105311346/tools/bin/../lib/gcc/arm-none-eabi/9.3.1/../../../../arm-none-eabi/lib/thumb/v7e-m+fp/hard\libc.a(lib_a-signal.o)
                0x000000000800825c                raise
 .text._kill_r  0x000000000800826c       0x24 d:/software/cubeide/stm32cubeide_1.7.0/stm32cubeide/plugins/com.st.stm32cube.ide.mcu.externaltools.gnu-tools-for-stm32.9-2020-q2-update.win32_2.0.0.202105311346/tools/bin/../lib/gcc/arm-none-eabi/9.3.1/../../../../arm-none-eabi/lib/thumb/v7e-m+fp/hard\libc.a(lib_a-signalr.o)
                0x000000000800826c                _kill_r
 .text._getpid_r
                0x0000000008008290        0x4 d:/software/cubeide/stm32cubeide_1.7.0/stm32cubeide/plugins/com.st.stm32cube.ide.mcu.externaltools.gnu-tools-for-stm32.9-2020-q2-update.win32_2.0.0.202105311346/tools/bin/../lib/gcc/arm-none-eabi/9.3.1/../../../../arm-none-eabi/lib/thumb/v7e-m+fp/hard\libc.a(lib_a-signalr.o)
                0x0000000008008290                _getpid_r
 *(.glue_7)
 .glue_7        0x0000000008008294        0x0 linker stubs
 *(.glue_7t)
 .glue_7t       0x0000000008008294        0x0 linker stubs
 *(.eh_frame)
 .eh_frame      0x0000000008008294        0x0 d:/software/cubeide/stm32cubeide_1.7.0/stm32cubeide/plugins/com.st.stm32cube.ide.mcu.externaltools.gnu-tools-for-stm32.9-2020-q2-update.win32_2.0.0.202105311346/tools/bin/../lib/gcc/arm-none-eabi/9.3.1/thumb/v7e-m+fp/hard/crtbegin.o
 *(.init)
 .init          0x0000000008008294        0x4 d:/software/cubeide/stm32cubeide_1.7.0/stm32cubeide/plugins/com.st.stm32cube.ide.mcu.externaltools.gnu-tools-for-stm32.9-2020-q2-update.win32_2.0.0.202105311346/tools/bin/../lib/gcc/arm-none-eabi/9.3.1/thumb/v7e-m+fp/hard/crti.o
                0x0000000008008294                _init
 .init          0x0000000008008298        0x8 d:/software/cubeide/stm32cubeide_1.7.0/stm32cubeide/plugins/com.st.stm32cube.ide.mcu.externaltools.gnu-tools-for-stm32.9-2020-q2-update.win32_2.0.0.202105311346/tools/bin/../lib/gcc/arm-none-eabi/9.3.1/thumb/v7e-m+fp/hard/crtn.o
 *(.fini)
 .fini          0x00000000080082a0        0x4 d:/software/cubeide/stm32cubeide_1.7.0/stm32cubeide/plugins/com.st.stm32cube.ide.mcu.externaltools.gnu-tools-for-stm32.9-2020-q2-update.win32_2.0.0.202105311346/tools/bin/../lib/gcc/arm-none-eabi/9.3.1/thumb/v7e-m+fp/hard/crti.o
                0x00000000080082a0                _fini
 .fini          0x00000000080082a4        0x8 d:/software/cubeide/stm32cubeide_1.7.0/stm32cubeide/plugins/com.st.stm32cube.ide.mcu.externaltools.gnu-tools-for-stm32.9-2020-q2-update.win32_2.0.0.202105311346/tools/bin/../lib/gcc/arm-none-eabi/9.3.1/thumb/v7e-m+fp/hard/crtn.o
                0x00000000080082ac                . = ALIGN (0x4)
                0x00000000080082ac                _etext = .

.vfp11_veneer   0x00000000080082ac        0x0
 .vfp11_veneer  0x00000000080082ac        0x0 linker stubs

.v4_bx          0x00000000080082ac        0x0
 .v4_bx         0x00000000080082ac        0x0 linker stubs

.iplt           0x00000000080082ac        0x0
 .iplt          0x00000000080082ac        0x0 d:/software/cubeide/stm32cubeide_1.7.0/stm32cubeide/plugins/com.st.stm32cube.ide.mcu.externaltools.gnu-tools-for-stm32.9-2020-q2-update.win32_2.0.0.202105311346/tools/bin/../lib/gcc/arm-none-eabi/9.3.1/thumb/v7e-m+fp/hard/crtbegin.o

.rodata         0x00000000080082b0      0x414
                0x00000000080082b0                . = ALIGN (0x4)
 *(.rodata)
 *(.rodata*)
 .rodata.USR_EXTI0_Callback.str1.1
                0x00000000080082b0       0x22 ./Core/Hardware/Key/key.o
 .rodata.USR_EXTI4_Callback.str1.1
                0x00000000080082d2       0x2c ./Core/Hardware/Key/key.o
 .rodata.main.str1.1
                0x00000000080082fe        0x7 ./Core/Src/main.o
 .rodata.AHBPrescTable
                0x0000000008008305       0x10 ./Core/Src/system_stm32f4xx.o
                0x0000000008008305                AHBPrescTable
 .rodata.APBPrescTable
                0x0000000008008315        0x8 ./Core/Src/system_stm32f4xx.o
                0x0000000008008315                APBPrescTable
 .rodata.flagBitshiftOffset.8447
                0x000000000800831d        0x8 ./Drivers/STM32F4xx_HAL_Driver/Src/stm32f4xx_hal_dma.o
 *fill*         0x0000000008008325        0x3 
 .rodata._global_impure_ptr
                0x0000000008008328        0x4 d:/software/cubeide/stm32cubeide_1.7.0/stm32cubeide/plugins/com.st.stm32cube.ide.mcu.externaltools.gnu-tools-for-stm32.9-2020-q2-update.win32_2.0.0.202105311346/tools/bin/../lib/gcc/arm-none-eabi/9.3.1/../../../../arm-none-eabi/lib/thumb/v7e-m+fp/hard\libc.a(lib_a-impure.o)
                0x0000000008008328                _global_impure_ptr
 .rodata._puts_r.str1.1
                0x000000000800832c        0x7 d:/software/cubeide/stm32cubeide_1.7.0/stm32cubeide/plugins/com.st.stm32cube.ide.mcu.externaltools.gnu-tools-for-stm32.9-2020-q2-update.win32_2.0.0.202105311346/tools/bin/../lib/gcc/arm-none-eabi/9.3.1/../../../../arm-none-eabi/lib/thumb/v7e-m+fp/hard\libc.a(lib_a-puts.o)
                                          0x2 (size before relaxing)
 .rodata._vfprintf_r.str1.1
                0x000000000800832c       0x34 d:/software/cubeide/stm32cubeide_1.7.0/stm32cubeide/plugins/com.st.stm32cube.ide.mcu.externaltools.gnu-tools-for-stm32.9-2020-q2-update.win32_2.0.0.202105311346/tools/bin/../lib/gcc/arm-none-eabi/9.3.1/../../../../arm-none-eabi/lib/thumb/v7e-m+fp/hard\libc.a(lib_a-vfprintf.o)
 .rodata.blanks.8713
                0x0000000008008360       0x10 d:/software/cubeide/stm32cubeide_1.7.0/stm32cubeide/plugins/com.st.stm32cube.ide.mcu.externaltools.gnu-tools-for-stm32.9-2020-q2-update.win32_2.0.0.202105311346/tools/bin/../lib/gcc/arm-none-eabi/9.3.1/../../../../arm-none-eabi/lib/thumb/v7e-m+fp/hard\libc.a(lib_a-vfprintf.o)
 .rodata.zeroes.8714
                0x0000000008008370       0x10 d:/software/cubeide/stm32cubeide_1.7.0/stm32cubeide/plugins/com.st.stm32cube.ide.mcu.externaltools.gnu-tools-for-stm32.9-2020-q2-update.win32_2.0.0.202105311346/tools/bin/../lib/gcc/arm-none-eabi/9.3.1/../../../../arm-none-eabi/lib/thumb/v7e-m+fp/hard\libc.a(lib_a-vfprintf.o)
 .rodata._dtoa_r.str1.1
                0x0000000008008380       0x7d d:/software/cubeide/stm32cubeide_1.7.0/stm32cubeide/plugins/com.st.stm32cube.ide.mcu.externaltools.gnu-tools-for-stm32.9-2020-q2-update.win32_2.0.0.202105311346/tools/bin/../lib/gcc/arm-none-eabi/9.3.1/../../../../arm-none-eabi/lib/thumb/v7e-m+fp/hard\libc.a(lib_a-dtoa.o)
                                         0x7f (size before relaxing)
 .rodata.__multadd.str1.1
                0x00000000080083fd       0x60 d:/software/cubeide/stm32cubeide_1.7.0/stm32cubeide/plugins/com.st.stm32cube.ide.mcu.externaltools.gnu-tools-for-stm32.9-2020-q2-update.win32_2.0.0.202105311346/tools/bin/../lib/gcc/arm-none-eabi/9.3.1/../../../../arm-none-eabi/lib/thumb/v7e-m+fp/hard\libc.a(lib_a-mprec.o)
                                         0x71 (size before relaxing)
 *fill*         0x000000000800845d        0x3 
 .rodata.__mprec_bigtens
                0x0000000008008460       0x28 d:/software/cubeide/stm32cubeide_1.7.0/stm32cubeide/plugins/com.st.stm32cube.ide.mcu.externaltools.gnu-tools-for-stm32.9-2020-q2-update.win32_2.0.0.202105311346/tools/bin/../lib/gcc/arm-none-eabi/9.3.1/../../../../arm-none-eabi/lib/thumb/v7e-m+fp/hard\libc.a(lib_a-mprec.o)
                0x0000000008008460                __mprec_bigtens
 .rodata.__mprec_tens
                0x0000000008008488       0xc8 d:/software/cubeide/stm32cubeide_1.7.0/stm32cubeide/plugins/com.st.stm32cube.ide.mcu.externaltools.gnu-tools-for-stm32.9-2020-q2-update.win32_2.0.0.202105311346/tools/bin/../lib/gcc/arm-none-eabi/9.3.1/../../../../arm-none-eabi/lib/thumb/v7e-m+fp/hard\libc.a(lib_a-mprec.o)
                0x0000000008008488                __mprec_tens
 .rodata.p05.7486
                0x0000000008008550        0xc d:/software/cubeide/stm32cubeide_1.7.0/stm32cubeide/plugins/com.st.stm32cube.ide.mcu.externaltools.gnu-tools-for-stm32.9-2020-q2-update.win32_2.0.0.202105311346/tools/bin/../lib/gcc/arm-none-eabi/9.3.1/../../../../arm-none-eabi/lib/thumb/v7e-m+fp/hard\libc.a(lib_a-mprec.o)
 .rodata._vfiprintf_r.str1.1
                0x000000000800855c       0x22 d:/software/cubeide/stm32cubeide_1.7.0/stm32cubeide/plugins/com.st.stm32cube.ide.mcu.externaltools.gnu-tools-for-stm32.9-2020-q2-update.win32_2.0.0.202105311346/tools/bin/../lib/gcc/arm-none-eabi/9.3.1/../../../../arm-none-eabi/lib/thumb/v7e-m+fp/hard\libc.a(lib_a-vfiprintf.o)
 .rodata.blanks.8691
                0x000000000800855c       0x10 d:/software/cubeide/stm32cubeide_1.7.0/stm32cubeide/plugins/com.st.stm32cube.ide.mcu.externaltools.gnu-tools-for-stm32.9-2020-q2-update.win32_2.0.0.202105311346/tools/bin/../lib/gcc/arm-none-eabi/9.3.1/../../../../arm-none-eabi/lib/thumb/v7e-m+fp/hard\libc.a(lib_a-vfiprintf.o)
 .rodata.zeroes.8692
                0x000000000800856c       0x10 d:/software/cubeide/stm32cubeide_1.7.0/stm32cubeide/plugins/com.st.stm32cube.ide.mcu.externaltools.gnu-tools-for-stm32.9-2020-q2-update.win32_2.0.0.202105311346/tools/bin/../lib/gcc/arm-none-eabi/9.3.1/../../../../arm-none-eabi/lib/thumb/v7e-m+fp/hard\libc.a(lib_a-vfiprintf.o)
 .rodata.__assert_func.str1.1
                0x000000000800857c       0x3c d:/software/cubeide/stm32cubeide_1.7.0/stm32cubeide/plugins/com.st.stm32cube.ide.mcu.externaltools.gnu-tools-for-stm32.9-2020-q2-update.win32_2.0.0.202105311346/tools/bin/../lib/gcc/arm-none-eabi/9.3.1/../../../../arm-none-eabi/lib/thumb/v7e-m+fp/hard\libc.a(lib_a-assert.o)
                                         0x3d (size before relaxing)
 .rodata._setlocale_r.str1.1
                0x00000000080085b8        0x8 d:/software/cubeide/stm32cubeide_1.7.0/stm32cubeide/plugins/com.st.stm32cube.ide.mcu.externaltools.gnu-tools-for-stm32.9-2020-q2-update.win32_2.0.0.202105311346/tools/bin/../lib/gcc/arm-none-eabi/9.3.1/../../../../arm-none-eabi/lib/thumb/v7e-m+fp/hard\libc.a(lib_a-locale.o)
                                          0x9 (size before relaxing)
 .rodata.str1.1
                0x00000000080085c0        0x2 d:/software/cubeide/stm32cubeide_1.7.0/stm32cubeide/plugins/com.st.stm32cube.ide.mcu.externaltools.gnu-tools-for-stm32.9-2020-q2-update.win32_2.0.0.202105311346/tools/bin/../lib/gcc/arm-none-eabi/9.3.1/../../../../arm-none-eabi/lib/thumb/v7e-m+fp/hard\libc.a(lib_a-locale.o)
 .rodata._ctype_
                0x00000000080085c2      0x101 d:/software/cubeide/stm32cubeide_1.7.0/stm32cubeide/plugins/com.st.stm32cube.ide.mcu.externaltools.gnu-tools-for-stm32.9-2020-q2-update.win32_2.0.0.202105311346/tools/bin/../lib/gcc/arm-none-eabi/9.3.1/../../../../arm-none-eabi/lib/thumb/v7e-m+fp/hard\libc.a(lib_a-ctype_.o)
                0x00000000080085c2                _ctype_
                0x00000000080086c4                . = ALIGN (0x4)
 *fill*         0x00000000080086c3        0x1 

.ARM.extab      0x00000000080086c4        0x0
                0x00000000080086c4                . = ALIGN (0x4)
 *(.ARM.extab* .gnu.linkonce.armextab.*)
                0x00000000080086c4                . = ALIGN (0x4)

.ARM            0x00000000080086c4        0x8
                0x00000000080086c4                . = ALIGN (0x4)
                0x00000000080086c4                __exidx_start = .
 *(.ARM.exidx*)
 .ARM.exidx     0x00000000080086c4        0x8 d:/software/cubeide/stm32cubeide_1.7.0/stm32cubeide/plugins/com.st.stm32cube.ide.mcu.externaltools.gnu-tools-for-stm32.9-2020-q2-update.win32_2.0.0.202105311346/tools/bin/../lib/gcc/arm-none-eabi/9.3.1/thumb/v7e-m+fp/hard\libgcc.a(_udivmoddi4.o)
                0x00000000080086cc                __exidx_end = .
                0x00000000080086cc                . = ALIGN (0x4)

.rel.dyn        0x00000000080086cc        0x0
 .rel.iplt      0x00000000080086cc        0x0 d:/software/cubeide/stm32cubeide_1.7.0/stm32cubeide/plugins/com.st.stm32cube.ide.mcu.externaltools.gnu-tools-for-stm32.9-2020-q2-update.win32_2.0.0.202105311346/tools/bin/../lib/gcc/arm-none-eabi/9.3.1/thumb/v7e-m+fp/hard/crtbegin.o

.preinit_array  0x00000000080086cc        0x0
                0x00000000080086cc                . = ALIGN (0x4)
                0x00000000080086cc                PROVIDE (__preinit_array_start = .)
 *(.preinit_array*)
                0x00000000080086cc                PROVIDE (__preinit_array_end = .)
                0x00000000080086cc                . = ALIGN (0x4)

.init_array     0x00000000080086cc        0x8
                0x00000000080086cc                . = ALIGN (0x4)
                0x00000000080086cc                PROVIDE (__init_array_start = .)
 *(SORT_BY_NAME(.init_array.*))
 .init_array.00000
                0x00000000080086cc        0x4 d:/software/cubeide/stm32cubeide_1.7.0/stm32cubeide/plugins/com.st.stm32cube.ide.mcu.externaltools.gnu-tools-for-stm32.9-2020-q2-update.win32_2.0.0.202105311346/tools/bin/../lib/gcc/arm-none-eabi/9.3.1/../../../../arm-none-eabi/lib/thumb/v7e-m+fp/hard\libc.a(lib_a-__call_atexit.o)
 *(.init_array*)
 .init_array    0x00000000080086d0        0x4 d:/software/cubeide/stm32cubeide_1.7.0/stm32cubeide/plugins/com.st.stm32cube.ide.mcu.externaltools.gnu-tools-for-stm32.9-2020-q2-update.win32_2.0.0.202105311346/tools/bin/../lib/gcc/arm-none-eabi/9.3.1/thumb/v7e-m+fp/hard/crtbegin.o
                0x00000000080086d4                PROVIDE (__init_array_end = .)
                0x00000000080086d4                . = ALIGN (0x4)

.fini_array     0x00000000080086d4        0x4
                0x00000000080086d4                . = ALIGN (0x4)
                0x00000000080086d4                PROVIDE (__fini_array_start = .)
 *(SORT_BY_NAME(.fini_array.*))
 *(.fini_array*)
 .fini_array    0x00000000080086d4        0x4 d:/software/cubeide/stm32cubeide_1.7.0/stm32cubeide/plugins/com.st.stm32cube.ide.mcu.externaltools.gnu-tools-for-stm32.9-2020-q2-update.win32_2.0.0.202105311346/tools/bin/../lib/gcc/arm-none-eabi/9.3.1/thumb/v7e-m+fp/hard/crtbegin.o
                0x00000000080086d8                PROVIDE (__fini_array_end = .)
                0x00000000080086d8                . = ALIGN (0x4)
                0x00000000080086d8                _sidata = LOADADDR (.data)

.data           0x0000000020000000      0x9e0 load address 0x00000000080086d8
                0x0000000020000000                . = ALIGN (0x4)
                0x0000000020000000                _sdata = .
 *(.data)
 *(.data*)
 .data.IIC_SendBuffer
                0x0000000020000000       0x11 ./Core/Hardware/Key/key.o
                0x0000000020000000                IIC_SendBuffer
 .data.SPI_SendBuffer
                0x0000000020000011       0x11 ./Core/Hardware/Key/key.o
                0x0000000020000011                SPI_SendBuffer
 *fill*         0x0000000020000022        0x2 
 .data.SystemCoreClock
                0x0000000020000024        0x4 ./Core/Src/system_stm32f4xx.o
                0x0000000020000024                SystemCoreClock
 .data.uwTickFreq
                0x0000000020000028        0x1 ./Drivers/STM32F4xx_HAL_Driver/Src/stm32f4xx_hal.o
                0x0000000020000028                uwTickFreq
 *fill*         0x0000000020000029        0x3 
 .data.uwTickPrio
                0x000000002000002c        0x4 ./Drivers/STM32F4xx_HAL_Driver/Src/stm32f4xx_hal.o
                0x000000002000002c                uwTickPrio
 .data._impure_ptr
                0x0000000020000030        0x4 d:/software/cubeide/stm32cubeide_1.7.0/stm32cubeide/plugins/com.st.stm32cube.ide.mcu.externaltools.gnu-tools-for-stm32.9-2020-q2-update.win32_2.0.0.202105311346/tools/bin/../lib/gcc/arm-none-eabi/9.3.1/../../../../arm-none-eabi/lib/thumb/v7e-m+fp/hard\libc.a(lib_a-impure.o)
                0x0000000020000030                _impure_ptr
 *fill*         0x0000000020000034        0x4 
 .data.impure_data
                0x0000000020000038      0x428 d:/software/cubeide/stm32cubeide_1.7.0/stm32cubeide/plugins/com.st.stm32cube.ide.mcu.externaltools.gnu-tools-for-stm32.9-2020-q2-update.win32_2.0.0.202105311346/tools/bin/../lib/gcc/arm-none-eabi/9.3.1/../../../../arm-none-eabi/lib/thumb/v7e-m+fp/hard\libc.a(lib_a-impure.o)
 .data.__atexit_recursive_mutex
                0x0000000020000460        0x4 d:/software/cubeide/stm32cubeide_1.7.0/stm32cubeide/plugins/com.st.stm32cube.ide.mcu.externaltools.gnu-tools-for-stm32.9-2020-q2-update.win32_2.0.0.202105311346/tools/bin/../lib/gcc/arm-none-eabi/9.3.1/../../../../arm-none-eabi/lib/thumb/v7e-m+fp/hard\libc.a(lib_a-__call_atexit.o)
                0x0000000020000460                __atexit_recursive_mutex
 .data.__malloc_av_
                0x0000000020000464      0x408 d:/software/cubeide/stm32cubeide_1.7.0/stm32cubeide/plugins/com.st.stm32cube.ide.mcu.externaltools.gnu-tools-for-stm32.9-2020-q2-update.win32_2.0.0.202105311346/tools/bin/../lib/gcc/arm-none-eabi/9.3.1/../../../../arm-none-eabi/lib/thumb/v7e-m+fp/hard\libc.a(lib_a-mallocr.o)
                0x0000000020000464                __malloc_av_
 .data.__malloc_sbrk_base
                0x000000002000086c        0x4 d:/software/cubeide/stm32cubeide_1.7.0/stm32cubeide/plugins/com.st.stm32cube.ide.mcu.externaltools.gnu-tools-for-stm32.9-2020-q2-update.win32_2.0.0.202105311346/tools/bin/../lib/gcc/arm-none-eabi/9.3.1/../../../../arm-none-eabi/lib/thumb/v7e-m+fp/hard\libc.a(lib_a-mallocr.o)
                0x000000002000086c                __malloc_sbrk_base
 .data.__malloc_trim_threshold
                0x0000000020000870        0x4 d:/software/cubeide/stm32cubeide_1.7.0/stm32cubeide/plugins/com.st.stm32cube.ide.mcu.externaltools.gnu-tools-for-stm32.9-2020-q2-update.win32_2.0.0.202105311346/tools/bin/../lib/gcc/arm-none-eabi/9.3.1/../../../../arm-none-eabi/lib/thumb/v7e-m+fp/hard\libc.a(lib_a-mallocr.o)
                0x0000000020000870                __malloc_trim_threshold
 .data.__global_locale
                0x0000000020000874      0x16c d:/software/cubeide/stm32cubeide_1.7.0/stm32cubeide/plugins/com.st.stm32cube.ide.mcu.externaltools.gnu-tools-for-stm32.9-2020-q2-update.win32_2.0.0.202105311346/tools/bin/../lib/gcc/arm-none-eabi/9.3.1/../../../../arm-none-eabi/lib/thumb/v7e-m+fp/hard\libc.a(lib_a-locale.o)
                0x0000000020000874                __global_locale
 *(.RamFunc)
 *(.RamFunc*)
                0x00000000200009e0                . = ALIGN (0x4)
                0x00000000200009e0                _edata = .
                0x00000000080090b8                _siccmram = LOADADDR (.ccmram)

.igot.plt       0x00000000200009e0        0x0 load address 0x00000000080090b8
 .igot.plt      0x00000000200009e0        0x0 d:/software/cubeide/stm32cubeide_1.7.0/stm32cubeide/plugins/com.st.stm32cube.ide.mcu.externaltools.gnu-tools-for-stm32.9-2020-q2-update.win32_2.0.0.202105311346/tools/bin/../lib/gcc/arm-none-eabi/9.3.1/thumb/v7e-m+fp/hard/crtbegin.o

.ccmram         0x0000000010000000        0x0 load address 0x00000000080090b8
                0x0000000010000000                . = ALIGN (0x4)
                0x0000000010000000                _sccmram = .
 *(.ccmram)
 *(.ccmram*)
                0x0000000010000000                . = ALIGN (0x4)
                0x0000000010000000                _eccmram = .
                0x0000000010000000                . = ALIGN (0x4)

.bss            0x00000000200009e0      0x2dc
                0x00000000200009e0                _sbss = .
                0x00000000200009e0                __bss_start__ = _sbss
 *(.bss)
 .bss           0x00000000200009e0       0x1c d:/software/cubeide/stm32cubeide_1.7.0/stm32cubeide/plugins/com.st.stm32cube.ide.mcu.externaltools.gnu-tools-for-stm32.9-2020-q2-update.win32_2.0.0.202105311346/tools/bin/../lib/gcc/arm-none-eabi/9.3.1/thumb/v7e-m+fp/hard/crtbegin.o
 *(.bss*)
 .bss.__sbrk_heap_end
                0x00000000200009fc        0x4 ./Core/Src/sysmem.o
 .bss.__malloc_current_mallinfo
                0x0000000020000a00       0x28 d:/software/cubeide/stm32cubeide_1.7.0/stm32cubeide/plugins/com.st.stm32cube.ide.mcu.externaltools.gnu-tools-for-stm32.9-2020-q2-update.win32_2.0.0.202105311346/tools/bin/../lib/gcc/arm-none-eabi/9.3.1/../../../../arm-none-eabi/lib/thumb/v7e-m+fp/hard\libc.a(lib_a-mallocr.o)
                0x0000000020000a00                __malloc_current_mallinfo
 .bss.__malloc_max_sbrked_mem
                0x0000000020000a28        0x4 d:/software/cubeide/stm32cubeide_1.7.0/stm32cubeide/plugins/com.st.stm32cube.ide.mcu.externaltools.gnu-tools-for-stm32.9-2020-q2-update.win32_2.0.0.202105311346/tools/bin/../lib/gcc/arm-none-eabi/9.3.1/../../../../arm-none-eabi/lib/thumb/v7e-m+fp/hard\libc.a(lib_a-mallocr.o)
                0x0000000020000a28                __malloc_max_sbrked_mem
 .bss.__malloc_max_total_mem
                0x0000000020000a2c        0x4 d:/software/cubeide/stm32cubeide_1.7.0/stm32cubeide/plugins/com.st.stm32cube.ide.mcu.externaltools.gnu-tools-for-stm32.9-2020-q2-update.win32_2.0.0.202105311346/tools/bin/../lib/gcc/arm-none-eabi/9.3.1/../../../../arm-none-eabi/lib/thumb/v7e-m+fp/hard\libc.a(lib_a-mallocr.o)
                0x0000000020000a2c                __malloc_max_total_mem
 .bss.__malloc_top_pad
                0x0000000020000a30        0x4 d:/software/cubeide/stm32cubeide_1.7.0/stm32cubeide/plugins/com.st.stm32cube.ide.mcu.externaltools.gnu-tools-for-stm32.9-2020-q2-update.win32_2.0.0.202105311346/tools/bin/../lib/gcc/arm-none-eabi/9.3.1/../../../../arm-none-eabi/lib/thumb/v7e-m+fp/hard\libc.a(lib_a-mallocr.o)
                0x0000000020000a30                __malloc_top_pad
 *(COMMON)
 COMMON         0x0000000020000a34       0x22 ./Core/Hardware/Key/key.o
                0x0000000020000a34                SPI_RevBuffer
                0x0000000020000a45                IIC_RevBuffer
 *fill*         0x0000000020000a56        0x2 
 COMMON         0x0000000020000a58        0xc ./Core/Src/iwdg.o
                0x0000000020000a58                hiwdg
 COMMON         0x0000000020000a64       0x58 ./Core/Src/spi.o
                0x0000000020000a64                hspi1
 COMMON         0x0000000020000abc       0x48 ./Core/Src/tim.o
                0x0000000020000abc                htim14
 COMMON         0x0000000020000b04      0x1a3 ./Core/Src/usart.o
                0x0000000020000b04                hdma_usart1_rx
                0x0000000020000b64                huart1
                0x0000000020000ba8                USART1_RX_BUF
 *fill*         0x0000000020000ca7        0x1 
 COMMON         0x0000000020000ca8        0x4 ./Drivers/STM32F4xx_HAL_Driver/Src/stm32f4xx_hal.o
                0x0000000020000ca8                uwTick